Component: ARM Compiler 5.06 update 6 (build 750) Tool: armlink [4d35ed]

==============================================================================

Section Cross References

    main.o(i.ADC1_2_IRQHandler) refers to stm32f10x_adc.o(i.ADC_GetITStatus) for ADC_GetITStatus
    main.o(i.ADC1_2_IRQHandler) refers to stm32f10x_adc.o(i.ADC_ClearITPendingBit) for ADC_ClearITPendingBit
    main.o(i.ADC1_2_IRQHandler) refers to main.o(.data) for ovs_acc
    main.o(i.ADC1_2_IRQHandler) refers to main.o(.bss) for adc_buffer
    main.o(i.SetSysClock) refers to stm32f10x_rcc.o(i.RCC_DeInit) for RCC_DeInit
    main.o(i.SetSysClock) refers to stm32f10x_rcc.o(i.RCC_HSEConfig) for RCC_HSEConfig
    main.o(i.SetSysClock) refers to stm32f10x_rcc.o(i.RCC_WaitForHSEStartUp) for RCC_WaitForHSEStartUp
    main.o(i.SetSysClock) refers to stm32f10x_flash.o(i.FLASH_PrefetchBufferCmd) for FLASH_PrefetchBufferCmd
    main.o(i.SetSysClock) refers to stm32f10x_flash.o(i.FLASH_SetLatency) for FLASH_SetLatency
    main.o(i.SetSysClock) refers to stm32f10x_rcc.o(i.RCC_HCLKConfig) for RCC_HCLKConfig
    main.o(i.SetSysClock) refers to stm32f10x_rcc.o(i.RCC_PCLK2Config) for RCC_PCLK2Config
    main.o(i.SetSysClock) refers to stm32f10x_rcc.o(i.RCC_PCLK1Config) for RCC_PCLK1Config
    main.o(i.SetSysClock) refers to stm32f10x_rcc.o(i.RCC_PLLConfig) for RCC_PLLConfig
    main.o(i.SetSysClock) refers to stm32f10x_rcc.o(i.RCC_PLLCmd) for RCC_PLLCmd
    main.o(i.SetSysClock) refers to stm32f10x_rcc.o(i.RCC_GetFlagStatus) for RCC_GetFlagStatus
    main.o(i.SetSysClock) refers to stm32f10x_rcc.o(i.RCC_SYSCLKConfig) for RCC_SYSCLKConfig
    main.o(i.SetSysClock) refers to stm32f10x_rcc.o(i.RCC_GetSYSCLKSource) for RCC_GetSYSCLKSource
    main.o(i.adc_ini) refers to stm32f10x_gpio.o(i.GPIO_Init) for GPIO_Init
    main.o(i.adc_ini) refers to misc.o(i.NVIC_Init) for NVIC_Init
    main.o(i.adc_ini) refers to stm32f10x_rcc.o(i.RCC_ADCCLKConfig) for RCC_ADCCLKConfig
    main.o(i.adc_ini) refers to stm32f10x_rcc.o(i.RCC_APB2PeriphClockCmd) for RCC_APB2PeriphClockCmd
    main.o(i.adc_ini) refers to stm32f10x_adc.o(i.ADC_Init) for ADC_Init
    main.o(i.adc_ini) refers to stm32f10x_adc.o(i.ADC_InjectedSequencerLengthConfig) for ADC_InjectedSequencerLengthConfig
    main.o(i.adc_ini) refers to stm32f10x_adc.o(i.ADC_InjectedChannelConfig) for ADC_InjectedChannelConfig
    main.o(i.adc_ini) refers to stm32f10x_adc.o(i.ADC_ExternalTrigInjectedConvConfig) for ADC_ExternalTrigInjectedConvConfig
    main.o(i.adc_ini) refers to stm32f10x_adc.o(i.ADC_SetInjectedOffset) for ADC_SetInjectedOffset
    main.o(i.adc_ini) refers to stm32f10x_adc.o(i.ADC_Cmd) for ADC_Cmd
    main.o(i.adc_ini) refers to stm32f10x_adc.o(i.ADC_ResetCalibration) for ADC_ResetCalibration
    main.o(i.adc_ini) refers to stm32f10x_adc.o(i.ADC_GetResetCalibrationStatus) for ADC_GetResetCalibrationStatus
    main.o(i.adc_ini) refers to stm32f10x_adc.o(i.ADC_StartCalibration) for ADC_StartCalibration
    main.o(i.adc_ini) refers to stm32f10x_adc.o(i.ADC_GetCalibrationStatus) for ADC_GetCalibrationStatus
    main.o(i.adc_ini) refers to stm32f10x_adc.o(i.ADC_ITConfig) for ADC_ITConfig
    main.o(i.adc_ini) refers to stm32f10x_adc.o(i.ADC_ExternalTrigInjectedConvCmd) for ADC_ExternalTrigInjectedConvCmd
    main.o(i.led_ini) refers to stm32f10x_rcc.o(i.RCC_APB2PeriphClockCmd) for RCC_APB2PeriphClockCmd
    main.o(i.led_ini) refers to stm32f10x_gpio.o(i.GPIO_Init) for GPIO_Init
    main.o(i.main) refers to hw_config.o(i.Set_System) for Set_System
    main.o(i.main) refers to main.o(i.SetSysClock) for SetSysClock
    main.o(i.main) refers to hw_config.o(i.Set_USBClock) for Set_USBClock
    main.o(i.main) refers to hw_config.o(i.USB_Interrupts_Config) for USB_Interrupts_Config
    main.o(i.main) refers to usb_init.o(i.USB_Init) for USB_Init
    main.o(i.main) refers to main.o(i.adc_ini) for adc_ini
    main.o(i.main) refers to main.o(i.tim4_ini) for tim4_ini
    main.o(i.main) refers to main.o(i.led_ini) for led_ini
    main.o(i.main) refers to usb_mem.o(i.UserToPMABufferCopy) for UserToPMABufferCopy
    main.o(i.main) refers to usb_regs.o(i.SetEPDblBuf0Count) for SetEPDblBuf0Count
    main.o(i.main) refers to usb_regs.o(i.SetEPDblBuf1Count) for SetEPDblBuf1Count
    main.o(i.main) refers to usb_regs.o(i.FreeUserBuffer) for FreeUserBuffer
    main.o(i.main) refers to usb_regs.o(i.SetEPTxValid) for SetEPTxValid
    main.o(i.main) refers to stm32f10x_gpio.o(i.GPIO_ResetBits) for GPIO_ResetBits
    main.o(i.main) refers to stm32f10x_gpio.o(i.GPIO_SetBits) for GPIO_SetBits
    main.o(i.main) refers to usb_pwr.o(.data) for bDeviceState
    main.o(i.main) refers to usb_endp.o(.data) for packet_send
    main.o(i.main) refers to main.o(.bss) for adc_buffer
    main.o(i.main) refers to main.o(.data) for usb_buf_pos
    main.o(i.tim4_ini) refers to stm32f10x_rcc.o(i.RCC_APB1PeriphClockCmd) for RCC_APB1PeriphClockCmd
[...]
    STM32_USB-FS-Device_Lib\\usb_prop.c      0x00000000   Number         0  usb_prop.o ABSOLUTE
    STM32_USB-FS-Device_Lib\\usb_pwr.c       0x00000000   Number         0  usb_pwr.o ABSOLUTE
    STM32_USB-FS-Device_Lib\\usb_regs.c      0x00000000   Number         0  usb_regs.o ABSOLUTE
    STM32_USB-FS-Device_Lib\\usb_sil.c       0x00000000   Number         0  usb_sil.o ABSOLUTE
    STM32_USB-FS-Device_Lib\usb_core.c       0x00000000   Number         0  usb_core.o ABSOLUTE
    STM32_USB-FS-Device_Lib\usb_desc.c       0x00000000   Number         0  usb_desc.o ABSOLUTE
    STM32_USB-FS-Device_Lib\usb_endp.c       0x00000000   Number         0  usb_endp.o ABSOLUTE
    STM32_USB-FS-Device_Lib\usb_init.c       0x00000000   Number         0  usb_init.o ABSOLUTE
    STM32_USB-FS-Device_Lib\usb_int.c        0x00000000   Number         0  usb_int.o ABSOLUTE
    STM32_USB-FS-Device_Lib\usb_istr.c       0x00000000   Number         0  usb_istr.o ABSOLUTE
    STM32_USB-FS-Device_Lib\usb_mem.c        0x00000000   Number         0  usb_mem.o ABSOLUTE
    STM32_USB-FS-Device_Lib\usb_prop.c       0x00000000   Number         0  usb_prop.o ABSOLUTE
    STM32_USB-FS-Device_Lib\usb_pwr.c        0x00000000   Number         0  usb_pwr.o ABSOLUTE
    STM32_USB-FS-Device_Lib\usb_regs.c       0x00000000   Number         0  usb_regs.o ABSOLUTE
    STM32_USB-FS-Device_Lib\usb_sil.c        0x00000000   Number         0  usb_sil.o ABSOLUTE
    dc.s                                     0x00000000   Number         0  dc.o ABSOLUTE
    hw_config.c                              0x00000000   Number         0  hw_config.o ABSOLUTE
    hw_config.c                              0x00000000   Number         0  hw_config.o ABSOLUTE
    main.c                                   0x00000000   Number         0  main.o ABSOLUTE
    main.c                                   0x00000000   Number         0  main.o ABSOLUTE
    stm32_it.c                               0x00000000   Number         0  stm32_it.o ABSOLUTE
    stm32_it.c                               0x00000000   Number         0  stm32_it.o ABSOLUTE
    RESET                                    0x08000000   Section      236  startup_stm32f10x_md.o(RESET)
    !!!main                                  0x080000ec   Section        8  __main.o(!!!main)
    !!!scatter                               0x080000f4   Section       52  __scatter.o(!!!scatter)
    !!dczerorl2                              0x08000128   Section       90  __dczerorl2.o(!!dczerorl2)
    !!handler_zi                             0x08000184   Section       28  __scatter_zi.o(!!handler_zi)
    .ARM.Collect$$_printf_percent$$00000000  0x080001a0   Section        0  _printf_percent.o(.ARM.Collect$$_printf_percent$$00000000)
    .ARM.Collect$$_printf_percent$$00000009  0x080001a0   Section        6  _printf_d.o(.ARM.Collect$$_printf_percent$$00000009)
    .ARM.Collect$$_printf_percent$$00000017  0x080001a6   Section        4  _printf_percent_end.o(.ARM.Collect$$_printf_percent$$00000017)
    .ARM.Collect$$libinit$$00000000          0x080001aa   Section        2  libinit.o(.ARM.Collect$$libinit$$00000000)
    .ARM.Collect$$libinit$$00000002          0x080001ac   Section        0  libinit2.o(.ARM.Collect$$libinit$$00000002)
    .ARM.Collect$$libinit$$00000004          0x080001ac   Section        0  libinit2.o(.ARM.Collect$$libinit$$00000004)
    .ARM.Collect$$libinit$$0000000A          0x080001ac   Section        0  libinit2.o(.ARM.Collect$$libinit$$0000000A)
    .ARM.Collect$$libinit$$0000000C          0x080001ac   Section        0  libinit2.o(.ARM.Collect$$libinit$$0000000C)
    .ARM.Collect$$libinit$$0000000E          0x080001ac   Section        0  libinit2.o(.ARM.Collect$$libinit$$0000000E)
    .ARM.Collect$$libinit$$00000011          0x080001ac   Section        0  libinit2.o(.ARM.Collect$$libinit$$00000011)
    .ARM.Collect$$libinit$$00000013          0x080001ac   Section        0  libinit2.o(.ARM.Collect$$libinit$$00000013)
    .ARM.Collect$$libinit$$00000015          0x080001ac   Section        0  libinit2.o(.ARM.Collect$$libinit$$00000015)
    .ARM.Collect$$libinit$$00000017          0x080001ac   Section        0  libinit2.o(.ARM.Collect$$libinit$$00000017)
    .ARM.Collect$$libinit$$00000019          0x080001ac   Section        0  libinit2.o(.ARM.Collect$$libinit$$00000019)
    .ARM.Collect$$libinit$$0000001B          0x080001ac   Section        0  libinit2.o(.ARM.Collect$$libinit$$0000001B)
    .ARM.Collect$$libinit$$0000001D          0x080001ac   Section        0  libinit2.o(.ARM.Collect$$libinit$$0000001D)
    .ARM.Collect$$libinit$$0000001F          0x080001ac   Section        0  libinit2.o(.ARM.Collect$$libinit$$0000001F)
    .ARM.Collect$$libinit$$00000021          0x080001ac   Section        0  libinit2.o(.ARM.Collect$$libinit$$00000021)
    .ARM.Collect$$libinit$$00000023          0x080001ac   Section        0  libinit2.o(.ARM.Collect$$libinit$$00000023)
    .ARM.Collect$$libinit$$00000025          0x080001ac   Section        0  libinit2.o(.ARM.Collect$$libinit$$00000025)
    .ARM.Collect$$libinit$$0000002C          0x080001ac   Section        0  libinit2.o(.ARM.Collect$$libinit$$0000002C)
    .ARM.Collect$$libinit$$0000002E          0x080001ac   Section        0  libinit2.o(.ARM.Collect$$libinit$$0000002E)
    .ARM.Collect$$libinit$$00000030          0x080001ac   Section        0  libinit2.o(.ARM.Collect$$libinit$$00000030)
    .ARM.Collect$$libinit$$00000032          0x080001ac   Section        0  libinit2.o(.ARM.Collect$$libinit$$00000032)
    .ARM.Collect$$libinit$$00000033          0x080001ac   Section        2  libinit2.o(.ARM.Collect$$libinit$$00000033)
    .ARM.Collect$$libshutdown$$00000000      0x080001ae   Section        2  libshutdown.o(.ARM.Collect$$libshutdown$$00000000)
    .ARM.Collect$$libshutdown$$00000002      0x080001b0   Section        0  libshutdown2.o(.ARM.Collect$$libshutdown$$00000002)
    .ARM.Collect$$libshutdown$$00000004      0x080001b0   Section        0  libshutdown2.o(.ARM.Collect$$libshutdown$$00000004)
    .ARM.Collect$$libshutdown$$00000007      0x080001b0   Section        0  libshutdown2.o(.ARM.Collect$$libshutdown$$00000007)
    .ARM.Collect$$libshutdown$$0000000A      0x080001b0   Section        0  libshutdown2.o(.ARM.Collect$$libshutdown$$0000000A)
    .ARM.Collect$$libshutdown$$0000000C      0x080001b0   Section        0  libshutdown2.o(.ARM.Collect$$libshutdown$$0000000C)
    .ARM.Collect$$libshutdown$$0000000F      0x080001b0   Section        0  libshutdown2.o(.ARM.Collect$$libshutdown$$0000000F)
    .ARM.Collect$$libshutdown$$00000010      0x080001b0   Section        2  libshutdown2.o(.ARM.Collect$$libshutdown$$00000010)
    .ARM.Collect$$rtentry$$00000000          0x080001b2   Section        0  __rtentry.o(.ARM.Collect$$rtentry$$00000000)
    .ARM.Collect$$rtentry$$00000002          0x080001b2   Section        0  __rtentry2.o(.ARM.Collect$$rtentry$$00000002)
    .ARM.Collect$$rtentry$$00000004          0x080001b2   Section        6  __rtentry4.o(.ARM.Collect$$rtentry$$00000004)
    .ARM.Collect$$rtentry$$00000009          0x080001b8   Section        0  __rtentry2.o(.ARM.Collect$$rtentry$$00000009)
    .ARM.Collect$$rtentry$$0000000A          0x080001b8   Section        4  __rtentry2.o(.ARM.Collect$$rtentry$$0000000A)
    .ARM.Collect$$rtentry$$0000000C          0x080001bc   Section        0  __rtentry2.o(.ARM.Collect$$rtentry$$0000000C)
    .ARM.Collect$$rtentry$$0000000D          0x080001bc   Section        8  __rtentry2.o(.ARM.Collect$$rtentry$$0000000D)
    .ARM.Collect$$rtexit$$00000000           0x080001c4   Section        2  rtexit.o(.ARM.Collect$$rtexit$$00000000)
    .ARM.Collect$$rtexit$$00000002           0x080001c6   Section        0  rtexit2.o(.ARM.Collect$$rtexit$$00000002)
    .ARM.Collect$$rtexit$$00000003           0x080001c6   Section        4  rtexit2.o(.ARM.Collect$$rtexit$$00000003)
    .ARM.Collect$$rtexit$$00000004           0x080001ca   Section        6  rtexit2.o(.ARM.Collect$$rtexit$$00000004)
    .text                                    0x080001d0   Section       64  startup_stm32f10x_md.o(.text)
    .text                                    0x08000210   Section        0  noretval__2printf.o(.text)
    .text                                    0x08000228   Section        0  _printf_dec.o(.text)
    .text                                    0x080002a0   Section        0  __printf_ss.o(.text)
    .text                                    0x08000358   Section        0  heapauxi.o(.text)
    .text                                    0x0800035e   Section        0  _printf_intcommon.o(.text)
    .text                                    0x08000410   Section        0  _printf_char_file.o(.text)
    .text                                    0x08000434   Section        0  _printf_char_common.o(.text)
    _printf_input_char                       0x08000435   Thumb Code    10  _printf_char_common.o(.text)
    .text                                    0x08000464   Section        0  ferror.o(.text)
    .text                                    0x0800046c   Section       74  sys_stackheap_outer.o(.text)
    .text                                    0x080004b6   Section        0  exit.o(.text)
    .text                                    0x080004c8   Section        8  libspace.o(.text)
    .text                                    0x080004d0   Section        0  sys_exit.o(.text)
    .text                                    0x080004dc   Section        2  use_no_semi.o(.text)
    .text                                    0x080004de   Section        0  indicate_semi.o(.text)
    i.ADC1_2_IRQHandler                      0x080004e0   Section        0  main.o(i.ADC1_2_IRQHandler)
    i.ADC_ClearITPendingBit                  0x0800058c   Section        0  stm32f10x_adc.o(i.ADC_ClearITPendingBit)
    i.ADC_Cmd                                0x08000596   Section        0  stm32f10x_adc.o(i.ADC_Cmd)
    i.ADC_ExternalTrigInjectedConvCmd        0x080005ac   Section        0  stm32f10x_adc.o(i.ADC_ExternalTrigInjectedConvCmd)
    i.ADC_ExternalTrigInjectedConvConfig     0x080005c2   Section        0  stm32f10x_adc.o(i.ADC_ExternalTrigInjectedConvConfig)
    i.ADC_GetCalibrationStatus               0x080005d2   Section        0  stm32f10x_adc.o(i.ADC_GetCalibrationStatus)
    i.ADC_GetITStatus                        0x080005e6   Section        0  stm32f10x_adc.o(i.ADC_GetITStatus)
    i.ADC_GetResetCalibrationStatus          0x0800060a   Section        0  stm32f10x_adc.o(i.ADC_GetResetCalibrationStatus)
    i.ADC_ITConfig                           0x0800061e   Section        0  stm32f10x_adc.o(i.ADC_ITConfig)
    i.ADC_Init                               0x08000638   Section        0  stm32f10x_adc.o(i.ADC_Init)
    i.ADC_InjectedChannelConfig              0x08000688   Section        0  stm32f10x_adc.o(i.ADC_InjectedChannelConfig)
    i.ADC_InjectedSequencerLengthConfig      0x0800070a   Section        0  stm32f10x_adc.o(i.ADC_InjectedSequencerLengthConfig)
    i.ADC_ResetCalibration                   0x08000722   Section        0  stm32f10x_adc.o(i.ADC_ResetCalibration)
    i.ADC_SetInjectedOffset                  0x0800072c   Section        0  stm32f10x_adc.o(i.ADC_SetInjectedOffset)
    i.ADC_StartCalibration                   0x08000740   Section        0  stm32f10x_adc.o(i.ADC_StartCalibration)
    i.BusFault_Handler                       0x0800074a   Section        0  stm32_it.o(i.BusFault_Handler)
    i.ByteSwap                               0x0800074e   Section        0  usb_regs.o(i.ByteSwap)
    i.CTR_LP                                 0x0800075c   Section        0  usb_int.o(i.CTR_LP)
    i.ClearDTOG_RX                           0x080009e4   Section        0  usb_regs.o(i.ClearDTOG_RX)
    i.ClearDTOG_TX                           0x08000a18   Section        0  usb_regs.o(i.ClearDTOG_TX)
    i.Clear_Status_Out                       0x08000a4c   Section        0  usb_regs.o(i.Clear_Status_Out)
    i.DataStageIn                            0x08000a74   Section        0  usb_core.o(i.DataStageIn)
    DataStageIn                              0x08000a75   Thumb Code   166  usb_core.o(i.DataStageIn)
    i.DataStageOut                           0x08000b34   Section        0  usb_core.o(i.DataStageOut)
    DataStageOut                             0x08000b35   Thumb Code   166  usb_core.o(i.DataStageOut)
    i.Data_Setup0                            0x08000bf0   Section        0  usb_core.o(i.Data_Setup0)
    Data_Setup0                              0x08000bf1   Thumb Code   628  usb_core.o(i.Data_Setup0)
    i.DebugMon_Handler                       0x08000e88   Section        0  stm32_it.o(i.DebugMon_Handler)
    i.EP1_IN_Callback                        0x08000e8c   Section        0  usb_endp.o(i.EP1_IN_Callback)
    i.EXTI_ClearITPendingBit                 0x08000e98   Section        0  stm32f10x_exti.o(i.EXTI_ClearITPendingBit)
    i.EXTI_Init                              0x08000ea4   Section        0  stm32f10x_exti.o(i.EXTI_Init)
    i.FLASH_PrefetchBufferCmd                0x08000f38   Section        0  stm32f10x_flash.o(i.FLASH_PrefetchBufferCmd)
    i.FLASH_SetLatency                       0x08000f54   Section        0  stm32f10x_flash.o(i.FLASH_SetLatency)
    i.FreeUserBuffer                         0x08000f6c   Section        0  usb_regs.o(i.FreeUserBuffer)
    i.GPIO_Init                              0x08000fc0   Section        0  stm32f10x_gpio.o(i.GPIO_Init)
    i.GPIO_ResetBits                         0x080010d6   Section        0  stm32f10x_gpio.o(i.GPIO_ResetBits)
    i.GPIO_SetBits                           0x080010da   Section        0  stm32f10x_gpio.o(i.GPIO_SetBits)
    i.GetEPRxAddr                            0x080010e0   Section        0  usb_regs.o(i.GetEPRxAddr)
    i.GetEPTxAddr                            0x08001100   Section        0  usb_regs.o(i.GetEPTxAddr)
    i.Get_SerialNum                          0x08001120   Section        0  hw_config.o(i.Get_SerialNum)
    i.HardFault_Handler                      0x08001154   Section        0  stm32_it.o(i.HardFault_Handler)
    i.In0_Process                            0x08001158   Section        0  usb_core.o(i.In0_Process)
    i.IntToUnicode                           0x080011c8   Section        0  hw_config.o(i.IntToUnicode)
    IntToUnicode                             0x080011c9   Thumb Code    62  hw_config.o(i.IntToUnicode)
    i.Leave_LowPowerMode                     0x08001208   Section        0  hw_config.o(i.Leave_LowPowerMode)
    i.MemManage_Handler                      0x0800122c   Section        0  stm32_it.o(i.MemManage_Handler)
    i.Mic_EP_Get                             0x08001230   Section        0  usb_prop.o(i.Mic_EP_Get)
    i.Mic_EP_Set                             0x08001250   Section        0  usb_prop.o(i.Mic_EP_Set)
    i.Mic_FU_Get                             0x08001304   Section        0  usb_prop.o(i.Mic_FU_Get)
    i.Mic_FU_Set                             0x08001400   Section        0  usb_prop.o(i.Mic_FU_Set)
    i.NMI_Handler                            0x08001420   Section        0  stm32_it.o(i.NMI_Handler)
    i.NOP_Process                            0x08001422   Section        0  usb_core.o(i.NOP_Process)
    i.NVIC_Init                              0x08001424   Section        0  misc.o(i.NVIC_Init)
    i.NVIC_PriorityGroupConfig               0x08001494   Section        0  misc.o(i.NVIC_PriorityGroupConfig)
    i.NoData_Setup0                          0x080014a8   Section        0  usb_core.o(i.NoData_Setup0)
    NoData_Setup0                            0x080014a9   Thumb Code   290  usb_core.o(i.NoData_Setup0)
    i.Out0_Process                           0x080015e0   Section        0  usb_core.o(i.Out0_Process)
    i.PMAToUserBufferCopy                    0x08001630   Section        0  usb_mem.o(i.PMAToUserBufferCopy)
    i.PendSV_Handler                         0x08001658   Section        0  stm32_it.o(i.PendSV_Handler)
    i.Post0_Process                          0x0800165c   Section        0  usb_core.o(i.Post0_Process)
    i.PowerOn                                0x080016a4   Section        0  usb_pwr.o(i.PowerOn)
    i.RCC_ADCCLKConfig                       0x080016e4   Section        0  stm32f10x_rcc.o(i.RCC_ADCCLKConfig)
    i.RCC_APB1PeriphClockCmd                 0x080016fc   Section        0  stm32f10x_rcc.o(i.RCC_APB1PeriphClockCmd)
    i.RCC_APB2PeriphClockCmd                 0x0800171c   Section        0  stm32f10x_rcc.o(i.RCC_APB2PeriphClockCmd)
    i.RCC_DeInit                             0x0800173c   Section        0  stm32f10x_rcc.o(i.RCC_DeInit)
    i.RCC_GetFlagStatus                      0x08001788   Section        0  stm32f10x_rcc.o(i.RCC_GetFlagStatus)
    i.RCC_GetSYSCLKSource                    0x080017c4   Section        0  stm32f10x_rcc.o(i.RCC_GetSYSCLKSource)
    i.RCC_HCLKConfig                         0x080017d4   Section        0  stm32f10x_rcc.o(i.RCC_HCLKConfig)
    i.RCC_HSEConfig                          0x080017ec   Section        0  stm32f10x_rcc.o(i.RCC_HSEConfig)
    i.RCC_PCLK1Config                        0x08001838   Section        0  stm32f10x_rcc.o(i.RCC_PCLK1Config)
    i.RCC_PCLK2Config                        0x08001850   Section        0  stm32f10x_rcc.o(i.RCC_PCLK2Config)
    i.RCC_PLLCmd                             0x08001868   Section        0  stm32f10x_rcc.o(i.RCC_PLLCmd)
    i.RCC_PLLConfig                          0x08001874   Section        0  stm32f10x_rcc.o(i.RCC_PLLConfig)
    i.RCC_SYSCLKConfig                       0x08001890   Section        0  stm32f10x_rcc.o(i.RCC_SYSCLKConfig)
    i.RCC_USBCLKConfig                       0x080018a8   Section        0  stm32f10x_rcc.o(i.RCC_USBCLKConfig)
    i.RCC_WaitForHSEStartUp                  0x080018b4   Section        0  stm32f10x_rcc.o(i.RCC_WaitForHSEStartUp)
    i.Resume                                 0x080018ec   Section        0  usb_pwr.o(i.Resume)
    i.Resume_Init                            0x080019cc   Section        0  usb_pwr.o(i.Resume_Init)
    i.SVC_Handler                            0x080019f0   Section        0  stm32_it.o(i.SVC_Handler)
    i.SetDeviceAddress                       0x080019f4   Section        0  usb_core.o(i.SetDeviceAddress)
    i.SetEPDblBuf0Count                      0x08001a44   Section        0  usb_regs.o(i.SetEPDblBuf0Count)
    i.SetEPDblBuf1Count                      0x08001aac   Section        0  usb_regs.o(i.SetEPDblBuf1Count)
    i.SetEPDblBuffAddr                       0x08001b14   Section        0  usb_regs.o(i.SetEPDblBuffAddr)
    i.SetEPDblBuffCount                      0x08001b48   Section        0  usb_regs.o(i.SetEPDblBuffCount)
    i.SetEPDoubleBuff                        0x08001c0c   Section        0  usb_regs.o(i.SetEPDoubleBuff)
    i.SetEPRxAddr                            0x08001c38   Section        0  usb_regs.o(i.SetEPRxAddr)
    i.SetEPRxCount                           0x08001c5c   Section        0  usb_regs.o(i.SetEPRxCount)
    i.SetEPRxStatus                          0x08001ca8   Section        0  usb_regs.o(i.SetEPRxStatus)
    i.SetEPRxValid                           0x08001ce8   Section        0  usb_regs.o(i.SetEPRxValid)
    i.SetEPTxAddr                            0x08001d1c   Section        0  usb_regs.o(i.SetEPTxAddr)
    i.SetEPTxCount                           0x08001d3c   Section        0  usb_regs.o(i.SetEPTxCount)
    i.SetEPTxStatus                          0x08001d58   Section        0  usb_regs.o(i.SetEPTxStatus)
    i.SetEPTxValid                           0x08001d98   Section        0  usb_regs.o(i.SetEPTxValid)
    i.SetEPType                              0x08001dcc   Section        0  usb_regs.o(i.SetEPType)
    i.SetSysClock                            0x08001df0   Section        0  main.o(i.SetSysClock)
    i.SetSysClock                            0x08001e5a   Section        0  system_stm32f10x.o(i.SetSysClock)
    SetSysClock                              0x08001e5b   Thumb Code     8  system_stm32f10x.o(i.SetSysClock)
    i.SetSysClockTo72                        0x08001e64   Section        0  system_stm32f10x.o(i.SetSysClockTo72)
    SetSysClockTo72                          0x08001e65   Thumb Code   214  system_stm32f10x.o(i.SetSysClockTo72)
    i.Set_System                             0x08001f44   Section        0  hw_config.o(i.Set_System)
    i.Set_USBClock                           0x08001f94   Section        0  hw_config.o(i.Set_USBClock)
    i.Setup0_Process                         0x08001fa8   Section        0  usb_core.o(i.Setup0_Process)
    i.Standard_ClearFeature                  0x08002060   Section        0  usb_core.o(i.Standard_ClearFeature)
    i.Standard_GetConfiguration              0x080021cc   Section        0  usb_core.o(i.Standard_GetConfiguration)
    i.Standard_GetDescriptorData             0x080021f8   Section        0  usb_core.o(i.Standard_GetDescriptorData)
    i.Standard_GetInterface                  0x0800221c   Section        0  usb_core.o(i.Standard_GetInterface)
    i.Standard_GetStatus                     0x08002248   Section        0  usb_core.o(i.Standard_GetStatus)
    i.Standard_SetConfiguration              0x08002348   Section        0  usb_core.o(i.Standard_SetConfiguration)
    i.Standard_SetDeviceFeature              0x08002390   Section        0  usb_core.o(i.Standard_SetDeviceFeature)
    i.Standard_SetEndPointFeature            0x080023b8   Section        0  usb_core.o(i.Standard_SetEndPointFeature)
    i.Standard_SetInterface                  0x08002488   Section        0  usb_core.o(i.Standard_SetInterface)
    i.Suspend                                0x080024f4   Section        0  usb_pwr.o(i.Suspend)
    i.SysTick_Handler                        0x080025f8   Section        0  stm32_it.o(i.SysTick_Handler)
    i.SystemInit                             0x080025fc   Section        0  system_stm32f10x.o(i.SystemInit)
    i.TIM_ARRPreloadConfig                   0x0800265c   Section        0  stm32f10x_tim.o(i.TIM_ARRPreloadConfig)
    i.TIM_Cmd                                0x08002674   Section        0  stm32f10x_tim.o(i.TIM_Cmd)
    i.TIM_SelectOutputTrigger                0x0800268c   Section        0  stm32f10x_tim.o(i.TIM_SelectOutputTrigger)
    i.TIM_TimeBaseInit                       0x080026a0   Section        0  stm32f10x_tim.o(i.TIM_TimeBaseInit)
    i.TIM_TimeBaseStructInit                 0x08002744   Section        0  stm32f10x_tim.o(i.TIM_TimeBaseStructInit)
    i.ToggleDTOG_RX                          0x08002758   Section        0  usb_regs.o(i.ToggleDTOG_RX)
    i.USBWakeUp_IRQHandler                   0x08002780   Section        0  stm32_it.o(i.USBWakeUp_IRQHandler)
    i.USB_Cable_Config                       0x0800278c   Section        0  hw_config.o(i.USB_Cable_Config)
    i.USB_Init                               0x080027b0   Section        0  usb_init.o(i.USB_Init)
    i.USB_Interrupts_Config                  0x080027ec   Section        0  hw_config.o(i.USB_Interrupts_Config)
    i.USB_Istr                               0x08002828   Section        0  usb_istr.o(i.USB_Istr)
    i.USB_LP_CAN1_RX0_IRQHandler             0x08002a10   Section        0  stm32_it.o(i.USB_LP_CAN1_RX0_IRQHandler)
    i.USB_SIL_Init                           0x08002a18   Section        0  usb_sil.o(i.USB_SIL_Init)
    i.USBdev_Data_Setup                      0x08002a3c   Section        0  usb_prop.o(i.USBdev_Data_Setup)
    i.USBdev_GetConfigDescriptor             0x08002ae4   Section        0  usb_prop.o(i.USBdev_GetConfigDescriptor)
    i.USBdev_GetDeviceDescriptor             0x08002af8   Section        0  usb_prop.o(i.USBdev_GetDeviceDescriptor)
    i.USBdev_GetStringDescriptor             0x08002b0c   Section        0  usb_prop.o(i.USBdev_GetStringDescriptor)
    i.USBdev_Get_Interface_Setting           0x08002b34   Section        0  usb_prop.o(i.USBdev_Get_Interface_Setting)
    i.USBdev_Init                            0x08002b4c   Section        0  usb_prop.o(i.USBdev_Init)
    i.USBdev_NoData_Setup                    0x08002b74   Section        0  usb_prop.o(i.USBdev_NoData_Setup)
    i.USBdev_Reset                           0x08002b7c   Section        0  usb_prop.o(i.USBdev_Reset)
    i.USBdev_SetConfiguration                0x08002c48   Section        0  usb_prop.o(i.USBdev_SetConfiguration)
    i.USBdev_SetDeviceAddress                0x08002c60   Section        0  usb_prop.o(i.USBdev_SetDeviceAddress)
    i.USBdev_Status_In                       0x08002c6c   Section        0  usb_prop.o(i.USBdev_Status_In)
    i.USBdev_Status_Out                      0x08002c6e   Section        0  usb_prop.o(i.USBdev_Status_Out)
    i.UsageFault_Handler                     0x08002c70   Section        0  stm32_it.o(i.UsageFault_Handler)
    i.UserToPMABufferCopy                    0x08002c74   Section        0  usb_mem.o(i.UserToPMABufferCopy)
    i.adc_ini                                0x08002cac   Section        0  main.o(i.adc_ini)
    i.fputc                                  0x08002d8c   Section        0  main.o(i.fputc)
    i.led_ini                                0x08002db0   Section        0  main.o(i.led_ini)
    i.main                                   0x08002ddc   Section        0  main.o(i.main)
    i.tim4_ini                               0x08002f00   Section        0  main.o(i.tim4_ini)
    .constdata                               0x08002f48   Section      211  usb_desc.o(.constdata)
    .data                                    0x20000000   Section       28  main.o(.data)
    .data                                    0x2000001c   Section       12  hw_config.o(.data)
    .data                                    0x20000028   Section        3  usb_core.o(.data)
    .data                                    0x2000002b   Section       26  usb_desc.o(.data)
    .data                                    0x20000045   Section        1  usb_endp.o(.data)
    .data                                    0x20000048   Section       20  usb_init.o(.data)
    .data                                    0x2000005c   Section        4  usb_int.o(.data)
    .data                                    0x20000060   Section       68  usb_istr.o(.data)
    .data                                    0x200000a4   Section      144  usb_prop.o(.data)
    .data                                    0x20000134   Section       12  usb_pwr.o(.data)
    .bss                                     0x20000140   Section     1024  main.o(.bss)
    .bss                                     0x20000540   Section       28  usb_init.o(.bss)
    .bss                                     0x2000055c   Section       32  usb_pwr.o(.bss)
    .bss                                     0x2000057c   Section       96  libspace.o(.bss)
    HEAP                                     0x200005e0   Section      512  startup_stm32f10x_md.o(HEAP)
    Heap_Mem                                 0x200005e0   Data         512  startup_stm32f10x_md.o(HEAP)
    STACK                                    0x200007e0   Section     1024  startup_stm32f10x_md.o(STACK)
    Stack_Mem                                0x200007e0   Data        1024  startup_stm32f10x_md.o(STACK)
    __initial_sp                             0x20000be0   Data           0  startup_stm32f10x_md.o(STACK)

    Global Symbols

    Symbol Name                              Value     Ov Type        Size  Object(Section)

    BuildAttributes$$THM_ISAv4$P$D$K$B$S$PE$A:L22UL41UL21$X:L11$S22US41US21$IEEE1$IW$USESV6$~STKCKD$USESV7$~SHL$OSPACE$ROPI$EBA8$UX$STANDARDLIB$REQ8$PRES8$EABIv2 0x00000000   Number         0  anon$$obj.o ABSOLUTE
    __ARM_use_no_argv                        0x00000000   Number         0  main.o ABSOLUTE
    _printf_flags                            0x00000000   Number         0  printf_stubs.o ABSOLUTE
    _printf_return_value                     0x00000000   Number         0  printf_stubs.o ABSOLUTE
    _printf_sizespec                         0x00000000   Number         0  printf_stubs.o ABSOLUTE
    _printf_widthprec                        0x00000000   Number         0  printf_stubs.o ABSOLUTE
    __ARM_exceptions_init                     - Undefined Weak Reference
    __alloca_initialize                       - Undefined Weak Reference
    __arm_preinit_                            - Undefined Weak Reference
    __cpp_initialize__aeabi_                  - Undefined Weak Reference
    __cxa_finalize                            - Undefined Weak Reference
    __rt_locale                               - Undefined Weak Reference
    __sigvec_lookup                           - Undefined Weak Reference
    _atexit_init                              - Undefined Weak Reference
    _call_atexit_fns                          - Undefined Weak Reference
    _clock_init                               - Undefined Weak Reference
    _fp_trap_init                             - Undefined Weak Reference
    _fp_trap_shutdown                         - Undefined Weak Reference
    _get_lc_collate                           - Undefined Weak Reference
    _get_lc_ctype                             - Undefined Weak Reference
    _get_lc_monetary                          - Undefined Weak Reference
    _get_lc_numeric                           - Undefined Weak Reference
    _get_lc_time                              - Undefined Weak Reference
    _getenv_init                              - Undefined Weak Reference
    _handle_redirection                       - Undefined Weak Reference
    _init_alloc                               - Undefined Weak Reference
    _init_user_alloc                          - Undefined Weak Reference
    _initio                                   - Undefined Weak Reference
    _mutex_acquire                            - Undefined Weak Reference
    _mutex_release                            - Undefined Weak Reference
    _printf_post_padding                      - Undefined Weak Reference
    _printf_pre_padding                       - Undefined Weak Reference
    _printf_truncate_signed                   - Undefined Weak Reference
    _printf_truncate_unsigned                 - Undefined Weak Reference
    _rand_init                                - Undefined Weak Reference
    _signal_finish                            - Undefined Weak Reference
    _signal_init                              - Undefined Weak Reference
    _terminate_alloc                          - Undefined Weak Reference
    _terminate_user_alloc                     - Undefined Weak Reference
    _terminateio                              - Undefined Weak Reference
    __Vectors_Size                           0x000000ec   Number         0  startup_stm32f10x_md.o ABSOLUTE
    __Vectors                                0x08000000   Data           4  startup_stm32f10x_md.o(RESET)
    __Vectors_End                            0x080000ec   Data           0  startup_stm32f10x_md.o(RESET)
    __main                                   0x080000ed   Thumb Code     8  __main.o(!!!main)
    __scatterload                            0x080000f5   Thumb Code     0  __scatter.o(!!!scatter)
    __scatterload_rt2                        0x080000f5   Thumb Code    44  __scatter.o(!!!scatter)
    __scatterload_rt2_thumb_only             0x080000f5   Thumb Code     0  __scatter.o(!!!scatter)
    __scatterload_null                       0x08000103   Thumb Code     0  __scatter.o(!!!scatter)
    __decompress                             0x08000129   Thumb Code    90  __dczerorl2.o(!!dczerorl2)
    __decompress1                            0x08000129   Thumb Code     0  __dczerorl2.o(!!dczerorl2)
    __scatterload_zeroinit                   0x08000185   Thumb Code    28  __scatter_zi.o(!!handler_zi)
    _printf_d                                0x080001a1   Thumb Code     0  _printf_d.o(.ARM.Collect$$_printf_percent$$00000009)
    _printf_percent                          0x080001a1   Thumb Code     0  _printf_percent.o(.ARM.Collect$$_printf_percent$$00000000)
    _printf_percent_end                      0x080001a7   Thumb Code     0  _printf_percent_end.o(.ARM.Collect$$_printf_percent$$00000017)
    __rt_lib_init                            0x080001ab   Thumb Code     0  libinit.o(.ARM.Collect$$libinit$$00000000)
    __rt_lib_init_alloca_1                   0x080001ad   Thumb Code     0  libinit2.o(.ARM.Collect$$libinit$$0000002E)
    __rt_lib_init_argv_1                     0x080001ad   Thumb Code     0  libinit2.o(.ARM.Collect$$libinit$$0000002C)
    __rt_lib_init_atexit_1                   0x080001ad   Thumb Code     0  libinit2.o(.ARM.Collect$$libinit$$0000001B)
    __rt_lib_init_clock_1                    0x080001ad   Thumb Code     0  libinit2.o(.ARM.Collect$$libinit$$00000021)
    __rt_lib_init_cpp_1                      0x080001ad   Thumb Code     0  libinit2.o(.ARM.Collect$$libinit$$00000032)
    __rt_lib_init_exceptions_1               0x080001ad   Thumb Code     0  libinit2.o(.ARM.Collect$$libinit$$00000030)
    __rt_lib_init_fp_1                       0x080001ad   Thumb Code     0  libinit2.o(.ARM.Collect$$libinit$$00000002)
    __rt_lib_init_fp_trap_1                  0x080001ad   Thumb Code     0  libinit2.o(.ARM.Collect$$libinit$$0000001F)
    __rt_lib_init_getenv_1                   0x080001ad   Thumb Code     0  libinit2.o(.ARM.Collect$$libinit$$00000023)
    __rt_lib_init_heap_1                     0x080001ad   Thumb Code     0  libinit2.o(.ARM.Collect$$libinit$$0000000A)
    __rt_lib_init_lc_collate_1               0x080001ad   Thumb Code     0  libinit2.o(.ARM.Collect$$libinit$$00000011)
    __rt_lib_init_lc_ctype_1                 0x080001ad   Thumb Code     0  libinit2.o(.ARM.Collect$$libinit$$00000013)
    __rt_lib_init_lc_monetary_1              0x080001ad   Thumb Code     0  libinit2.o(.ARM.Collect$$libinit$$00000015)
    __rt_lib_init_lc_numeric_1               0x080001ad   Thumb Code     0  libinit2.o(.ARM.Collect$$libinit$$00000017)
    __rt_lib_init_lc_time_1                  0x080001ad   Thumb Code     0  libinit2.o(.ARM.Collect$$libinit$$00000019)
    __rt_lib_init_preinit_1                  0x080001ad   Thumb Code     0  libinit2.o(.ARM.Collect$$libinit$$00000004)
    __rt_lib_init_rand_1                     0x080001ad   Thumb Code     0  libinit2.o(.ARM.Collect$$libinit$$0000000E)
    __rt_lib_init_return                     0x080001ad   Thumb Code     0  libinit2.o(.ARM.Collect$$libinit$$00000033)
    __rt_lib_init_signal_1                   0x080001ad   Thumb Code     0  libinit2.o(.ARM.Collect$$libinit$$0000001D)
    __rt_lib_init_stdio_1                    0x080001ad   Thumb Code     0  libinit2.o(.ARM.Collect$$libinit$$00000025)
    __rt_lib_init_user_alloc_1               0x080001ad   Thumb Code     0  libinit2.o(.ARM.Collect$$libinit$$0000000C)
    __rt_lib_shutdown                        0x080001af   Thumb Code     0  libshutdown.o(.ARM.Collect$$libshutdown$$00000000)
    __rt_lib_shutdown_cpp_1                  0x080001b1   Thumb Code     0  libshutdown2.o(.ARM.Collect$$libshutdown$$00000002)
    __rt_lib_shutdown_fp_trap_1              0x080001b1   Thumb Code     0  libshutdown2.o(.ARM.Collect$$libshutdown$$00000007)
    __rt_lib_shutdown_heap_1                 0x080001b1   Thumb Code     0  libshutdown2.o(.ARM.Collect$$libshutdown$$0000000F)
    __rt_lib_shutdown_return                 0x080001b1   Thumb Code     0  libshutdown2.o(.ARM.Collect$$libshutdown$$00000010)
    __rt_lib_shutdown_signal_1               0x080001b1   Thumb Code     0  libshutdown2.o(.ARM.Collect$$libshutdown$$0000000A)
    __rt_lib_shutdown_stdio_1                0x080001b1   Thumb Code     0  libshutdown2.o(.ARM.Collect$$libshutdown$$00000004)
    __rt_lib_shutdown_user_alloc_1           0x080001b1   Thumb Code     0  libshutdown2.o(.ARM.Collect$$libshutdown$$0000000C)
    __rt_entry                               0x080001b3   Thumb Code     0  __rtentry.o(.ARM.Collect$$rtentry$$00000000)
    __rt_entry_presh_1                       0x080001b3   Thumb Code     0  __rtentry2.o(.ARM.Collect$$rtentry$$00000002)
    __rt_entry_sh                            0x080001b3   Thumb Code     0  __rtentry4.o(.ARM.Collect$$rtentry$$00000004)
    __rt_entry_li                            0x080001b9   Thumb Code     0  __rtentry2.o(.ARM.Collect$$rtentry$$0000000A)
    __rt_entry_postsh_1                      0x080001b9   Thumb Code     0  __rtentry2.o(.ARM.Collect$$rtentry$$00000009)
    __rt_entry_main                          0x080001bd   Thumb Code     0  __rtentry2.o(.ARM.Collect$$rtentry$$0000000D)
    __rt_entry_postli_1                      0x080001bd   Thumb Code     0  __rtentry2.o(.ARM.Collect$$rtentry$$0000000C)
    __rt_exit                                0x080001c5   Thumb Code     0  rtexit.o(.ARM.Collect$$rtexit$$00000000)
    __rt_exit_ls                             0x080001c7   Thumb Code     0  rtexit2.o(.ARM.Collect$$rtexit$$00000003)
    __rt_exit_prels_1                        0x080001c7   Thumb Code     0  rtexit2.o(.ARM.Collect$$rtexit$$00000002)
    __rt_exit_exit                           0x080001cb   Thumb Code     0  rtexit2.o(.ARM.Collect$$rtexit$$00000004)
    Reset_Handler                            0x080001d1   Thumb Code     8  startup_stm32f10x_md.o(.text)
    CAN1_RX1_IRQHandler                      0x080001eb   Thumb Code     0  startup_stm32f10x_md.o(.text)
    CAN1_SCE_IRQHandler                      0x080001eb   Thumb Code     0  startup_stm32f10x_md.o(.text)
    DMA1_Channel1_IRQHandler                 0x080001eb   Thumb Code     0  startup_stm32f10x_md.o(.text)
    DMA1_Channel2_IRQHandler                 0x080001eb   Thumb Code     0  startup_stm32f10x_md.o(.text)
    DMA1_Channel3_IRQHandler                 0x080001eb   Thumb Code     0  startup_stm32f10x_md.o(.text)
    DMA1_Channel4_IRQHandler                 0x080001eb   Thumb Code     0  startup_stm32f10x_md.o(.text)
    DMA1_Channel5_IRQHandler                 0x080001eb   Thumb Code     0  startup_stm32f10x_md.o(.text)
    DMA1_Channel6_IRQHandler                 0x080001eb   Thumb Code     0  startup_stm32f10x_md.o(.text)
    DMA1_Channel7_IRQHandler                 0x080001eb   Thumb Code     0  startup_stm32f10x_md.o(.text)
    EXTI0_IRQHandler                         0x080001eb   Thumb Code     0  startup_stm32f10x_md.o(.text)
    EXTI15_10_IRQHandler                     0x080001eb   Thumb Code     0  startup_stm32f10x_md.o(.text)
    EXTI1_IRQHandler                         0x080001eb   Thumb Code     0  startup_stm32f10x_md.o(.text)
    EXTI2_IRQHandler                         0x080001eb   Thumb Code     0  startup_stm32f10x_md.o(.text)
    EXTI3_IRQHandler                         0x080001eb   Thumb Code     0  startup_stm32f10x_md.o(.text)
    EXTI4_IRQHandler                         0x080001eb   Thumb Code     0  startup_stm32f10x_md.o(.text)
    EXTI9_5_IRQHandler                       0x080001eb   Thumb Code     0  startup_stm32f10x_md.o(.text)
    FLASH_IRQHandler                         0x080001eb   Thumb Code     0  startup_stm32f10x_md.o(.text)
    I2C1_ER_IRQHandler                       0x080001eb   Thumb Code     0  startup_stm32f10x_md.o(.text)
    I2C1_EV_IRQHandler                       0x080001eb   Thumb Code     0  startup_stm32f10x_md.o(.text)
    I2C2_ER_IRQHandler                       0x080001eb   Thumb Code     0  startup_stm32f10x_md.o(.text)
    I2C2_EV_IRQHandler                       0x080001eb   Thumb Code     0  startup_stm32f10x_md.o(.text)
    PVD_IRQHandler                           0x080001eb   Thumb Code     0  startup_stm32f10x_md.o(.text)
    RCC_IRQHandler                           0x080001eb   Thumb Code     0  startup_stm32f10x_md.o(.text)
    RTCAlarm_IRQHandler                      0x080001eb   Thumb Code     0  startup_stm32f10x_md.o(.text)
    RTC_IRQHandler                           0x080001eb   Thumb Code     0  startup_stm32f10x_md.o(.text)
    SPI1_IRQHandler                          0x080001eb   Thumb Code     0  startup_stm32f10x_md.o(.text)
    SPI2_IRQHandler                          0x080001eb   Thumb Code     0  startup_stm32f10x_md.o(.text)
    TAMPER_IRQHandler                        0x080001eb   Thumb Code     0  startup_stm32f10x_md.o(.text)
    TIM1_BRK_IRQHandler                      0x080001eb   Thumb Code     0  startup_stm32f10x_md.o(.text)
    TIM1_CC_IRQHandler                       0x080001eb   Thumb Code     0  startup_stm32f10x_md.o(.text)
    TIM1_TRG_COM_IRQHandler                  0x080001eb   Thumb Code     0  startup_stm32f10x_md.o(.text)
    TIM1_UP_IRQHandler                       0x080001eb   Thumb Code     0  startup_stm32f10x_md.o(.text)
    TIM2_IRQHandler                          0x080001eb   Thumb Code     0  startup_stm32f10x_md.o(.text)
    TIM3_IRQHandler                          0x080001eb   Thumb Code     0  startup_stm32f10x_md.o(.text)
    TIM4_IRQHandler                          0x080001eb   Thumb Code     0  startup_stm32f10x_md.o(.text)
    USART1_IRQHandler                        0x080001eb   Thumb Code     0  startup_stm32f10x_md.o(.text)
    USART2_IRQHandler                        0x080001eb   Thumb Code     0  startup_stm32f10x_md.o(.text)
    USART3_IRQHandler                        0x080001eb   Thumb Code     0  startup_stm32f10x_md.o(.text)
    USB_HP_CAN1_TX_IRQHandler                0x080001eb   Thumb Code     0  startup_stm32f10x_md.o(.text)
    WWDG_IRQHandler                          0x080001eb   Thumb Code     0  startup_stm32f10x_md.o(.text)
    __user_initial_stackheap                 0x080001ed   Thumb Code     0  startup_stm32f10x_md.o(.text)
    __2printf                                0x08000211   Thumb Code    20  noretval__2printf.o(.text)
    _printf_int_dec                          0x08000229   Thumb Code   104  _printf_dec.o(.text)
    __printf                                 0x080002a1   Thumb Code   184  __printf_ss.o(.text)
    __use_two_region_memory                  0x08000359   Thumb Code     2  heapauxi.o(.text)
    __rt_heap_escrow$2region                 0x0800035b   Thumb Code     2  heapauxi.o(.text)
    __rt_heap_expand$2region                 0x0800035d   Thumb Code     2  heapauxi.o(.text)
    _printf_int_common                       0x0800035f   Thumb Code   178  _printf_intcommon.o(.text)
    _printf_char_file                        0x08000411   Thumb Code    32  _printf_char_file.o(.text)
    _printf_char_common                      0x0800043f   Thumb Code    32  _printf_char_common.o(.text)
    ferror                                   0x08000465   Thumb Code     8  ferror.o(.text)
    __user_setup_stackheap                   0x0800046d   Thumb Code    74  sys_stackheap_outer.o(.text)
    exit                                     0x080004b7   Thumb Code    18  exit.o(.text)
    __user_libspace                          0x080004c9   Thumb Code     8  libspace.o(.text)
    __user_perproc_libspace                  0x080004c9   Thumb Code     0  libspace.o(.text)
    __user_perthread_libspace                0x080004c9   Thumb Code     0  libspace.o(.text)
    _sys_exit                                0x080004d1   Thumb Code     8  sys_exit.o(.text)
    __I$use$semihosting                      0x080004dd   Thumb Code     0  use_no_semi.o(.text)
    __use_no_semihosting_swi                 0x080004dd   Thumb Code     2  use_no_semi.o(.text)
    __semihosting_library_function           0x080004df   Thumb Code     0  indicate_semi.o(.text)
    ADC1_2_IRQHandler                        0x080004e1   Thumb Code   146  main.o(i.ADC1_2_IRQHandler)
    ADC_ClearITPendingBit                    0x0800058d   Thumb Code    10  stm32f10x_adc.o(i.ADC_ClearITPendingBit)
    ADC_Cmd                                  0x08000597   Thumb Code    22  stm32f10x_adc.o(i.ADC_Cmd)
    ADC_ExternalTrigInjectedConvCmd          0x080005ad   Thumb Code    22  stm32f10x_adc.o(i.ADC_ExternalTrigInjectedConvCmd)
    ADC_ExternalTrigInjectedConvConfig       0x080005c3   Thumb Code    16  stm32f10x_adc.o(i.ADC_ExternalTrigInjectedConvConfig)
    ADC_GetCalibrationStatus                 0x080005d3   Thumb Code    20  stm32f10x_adc.o(i.ADC_GetCalibrationStatus)
    ADC_GetITStatus                          0x080005e7   Thumb Code    36  stm32f10x_adc.o(i.ADC_GetITStatus)
    ADC_GetResetCalibrationStatus            0x0800060b   Thumb Code    20  stm32f10x_adc.o(i.ADC_GetResetCalibrationStatus)
    ADC_ITConfig                             0x0800061f   Thumb Code    24  stm32f10x_adc.o(i.ADC_ITConfig)
    ADC_Init                                 0x08000639   Thumb Code    70  stm32f10x_adc.o(i.ADC_Init)
    ADC_InjectedChannelConfig                0x08000689   Thumb Code   130  stm32f10x_adc.o(i.ADC_InjectedChannelConfig)
    ADC_InjectedSequencerLengthConfig        0x0800070b   Thumb Code    24  stm32f10x_adc.o(i.ADC_InjectedSequencerLengthConfig)
    ADC_ResetCalibration                     0x08000723   Thumb Code    10  stm32f10x_adc.o(i.ADC_ResetCalibration)
    ADC_SetInjectedOffset                    0x0800072d   Thumb Code    20  stm32f10x_adc.o(i.ADC_SetInjectedOffset)
    ADC_StartCalibration                     0x08000741   Thumb Code    10  stm32f10x_adc.o(i.ADC_StartCalibration)
    BusFault_Handler                         0x0800074b   Thumb Code     4  stm32_it.o(i.BusFault_Handler)
    ByteSwap                                 0x0800074f   Thumb Code    12  usb_regs.o(i.ByteSwap)
    CTR_LP                                   0x0800075d   Thumb Code   616  usb_int.o(i.CTR_LP)
    ClearDTOG_RX                             0x080009e5   Thumb Code    48  usb_regs.o(i.ClearDTOG_RX)
    ClearDTOG_TX                             0x08000a19   Thumb Code    48  usb_regs.o(i.ClearDTOG_TX)
    Clear_Status_Out                         0x08000a4d   Thumb Code    34  usb_regs.o(i.Clear_Status_Out)
    DebugMon_Handler                         0x08000e89   Thumb Code     2  stm32_it.o(i.DebugMon_Handler)
    EP1_IN_Callback                          0x08000e8d   Thumb Code     8  usb_endp.o(i.EP1_IN_Callback)
    EXTI_ClearITPendingBit                   0x08000e99   Thumb Code     6  stm32f10x_exti.o(i.EXTI_ClearITPendingBit)
    EXTI_Init                                0x08000ea5   Thumb Code   142  stm32f10x_exti.o(i.EXTI_Init)
    FLASH_PrefetchBufferCmd                  0x08000f39   Thumb Code    22  stm32f10x_flash.o(i.FLASH_PrefetchBufferCmd)
    FLASH_SetLatency                         0x08000f55   Thumb Code    18  stm32f10x_flash.o(i.FLASH_SetLatency)
    FreeUserBuffer                           0x08000f6d   Thumb Code    78  usb_regs.o(i.FreeUserBuffer)
    GPIO_Init                                0x08000fc1   Thumb Code   278  stm32f10x_gpio.o(i.GPIO_Init)
    GPIO_ResetBits                           0x080010d7   Thumb Code     4  stm32f10x_gpio.o(i.GPIO_ResetBits)
    GPIO_SetBits                             0x080010db   Thumb Code     4  stm32f10x_gpio.o(i.GPIO_SetBits)
    GetEPRxAddr                              0x080010e1   Thumb Code    24  usb_regs.o(i.GetEPRxAddr)
    GetEPTxAddr                              0x08001101   Thumb Code    22  usb_regs.o(i.GetEPTxAddr)
    Get_SerialNum                            0x08001121   Thumb Code    42  hw_config.o(i.Get_SerialNum)
    HardFault_Handler                        0x08001155   Thumb Code     4  stm32_it.o(i.HardFault_Handler)
    In0_Process                              0x08001159   Thumb Code    98  usb_core.o(i.In0_Process)
    Leave_LowPowerMode                       0x08001209   Thumb Code    28  hw_config.o(i.Leave_LowPowerMode)
    MemManage_Handler                        0x0800122d   Thumb Code     4  stm32_it.o(i.MemManage_Handler)
    Mic_EP_Get                               0x08001231   Thumb Code    24  usb_prop.o(i.Mic_EP_Get)
    Mic_EP_Set                               0x08001251   Thumb Code   110  usb_prop.o(i.Mic_EP_Set)
    Mic_FU_Get                               0x08001305   Thumb Code   162  usb_prop.o(i.Mic_FU_Get)
    Mic_FU_Set                               0x08001401   Thumb Code    24  usb_prop.o(i.Mic_FU_Set)
    NMI_Handler                              0x08001421   Thumb Code     2  stm32_it.o(i.NMI_Handler)
    NOP_Process                              0x08001423   Thumb Code     2  usb_core.o(i.NOP_Process)
    NVIC_Init                                0x08001425   Thumb Code   100  misc.o(i.NVIC_Init)
    NVIC_PriorityGroupConfig                 0x08001495   Thumb Code    10  misc.o(i.NVIC_PriorityGroupConfig)
    Out0_Process                             0x080015e1   Thumb Code    70  usb_core.o(i.Out0_Process)
    PMAToUserBufferCopy                      0x08001631   Thumb Code    34  usb_mem.o(i.PMAToUserBufferCopy)
    PendSV_Handler                           0x08001659   Thumb Code     2  stm32_it.o(i.PendSV_Handler)
    Post0_Process                            0x0800165d   Thumb Code    54  usb_core.o(i.Post0_Process)
    PowerOn                                  0x080016a5   Thumb Code    54  usb_pwr.o(i.PowerOn)
    RCC_ADCCLKConfig                         0x080016e5   Thumb Code    18  stm32f10x_rcc.o(i.RCC_ADCCLKConfig)
    RCC_APB1PeriphClockCmd                   0x080016fd   Thumb Code    26  stm32f10x_rcc.o(i.RCC_APB1PeriphClockCmd)
    RCC_APB2PeriphClockCmd                   0x0800171d   Thumb Code    26  stm32f10x_rcc.o(i.RCC_APB2PeriphClockCmd)
    RCC_DeInit                               0x0800173d   Thumb Code    64  stm32f10x_rcc.o(i.RCC_DeInit)
    RCC_GetFlagStatus                        0x08001789   Thumb Code    56  stm32f10x_rcc.o(i.RCC_GetFlagStatus)
    RCC_GetSYSCLKSource                      0x080017c5   Thumb Code    10  stm32f10x_rcc.o(i.RCC_GetSYSCLKSource)
    RCC_HCLKConfig                           0x080017d5   Thumb Code    18  stm32f10x_rcc.o(i.RCC_HCLKConfig)
    RCC_HSEConfig                            0x080017ed   Thumb Code    70  stm32f10x_rcc.o(i.RCC_HSEConfig)
    RCC_PCLK1Config                          0x08001839   Thumb Code    18  stm32f10x_rcc.o(i.RCC_PCLK1Config)
    RCC_PCLK2Config                          0x08001851   Thumb Code    20  stm32f10x_rcc.o(i.RCC_PCLK2Config)
    RCC_PLLCmd                               0x08001869   Thumb Code     6  stm32f10x_rcc.o(i.RCC_PLLCmd)
    RCC_PLLConfig                            0x08001875   Thumb Code    24  stm32f10x_rcc.o(i.RCC_PLLConfig)
    RCC_SYSCLKConfig                         0x08001891   Thumb Code    18  stm32f10x_rcc.o(i.RCC_SYSCLKConfig)
    RCC_USBCLKConfig                         0x080018a9   Thumb Code     6  stm32f10x_rcc.o(i.RCC_USBCLKConfig)
    RCC_WaitForHSEStartUp                    0x080018b5   Thumb Code    56  stm32f10x_rcc.o(i.RCC_WaitForHSEStartUp)
    Resume                                   0x080018ed   Thumb Code   206  usb_pwr.o(i.Resume)
    Resume_Init                              0x080019cd   Thumb Code    30  usb_pwr.o(i.Resume_Init)
    SVC_Handler                              0x080019f1   Thumb Code     2  stm32_it.o(i.SVC_Handler)
    SetDeviceAddress                         0x080019f5   Thumb Code    68  usb_core.o(i.SetDeviceAddress)
    SetEPDblBuf0Count                        0x08001a45   Thumb Code    96  usb_regs.o(i.SetEPDblBuf0Count)
    SetEPDblBuf1Count                        0x08001aad   Thumb Code    96  usb_regs.o(i.SetEPDblBuf1Count)
    SetEPDblBuffAddr                         0x08001b15   Thumb Code    44  usb_regs.o(i.SetEPDblBuffAddr)
    SetEPDblBuffCount                        0x08001b49   Thumb Code   186  usb_regs.o(i.SetEPDblBuffCount)
    SetEPDoubleBuff                          0x08001c0d   Thumb Code    38  usb_regs.o(i.SetEPDoubleBuff)
    SetEPRxAddr                              0x08001c39   Thumb Code    26  usb_regs.o(i.SetEPRxAddr)
    SetEPRxCount                             0x08001c5d   Thumb Code    68  usb_regs.o(i.SetEPRxCount)
    SetEPRxStatus                            0x08001ca9   Thumb Code    60  usb_regs.o(i.SetEPRxStatus)
    SetEPRxValid                             0x08001ce9   Thumb Code    48  usb_regs.o(i.SetEPRxValid)
    SetEPTxAddr                              0x08001d1d   Thumb Code    24  usb_regs.o(i.SetEPTxAddr)
    SetEPTxCount                             0x08001d3d   Thumb Code    20  usb_regs.o(i.SetEPTxCount)
    SetEPTxStatus                            0x08001d59   Thumb Code    60  usb_regs.o(i.SetEPTxStatus)
    SetEPTxValid                             0x08001d99   Thumb Code    48  usb_regs.o(i.SetEPTxValid)
    SetEPType                                0x08001dcd   Thumb Code    32  usb_regs.o(i.SetEPType)
    SetSysClock                              0x08001df1   Thumb Code   106  main.o(i.SetSysClock)
    Set_System                               0x08001f45   Thumb Code    70  hw_config.o(i.Set_System)
    Set_USBClock                             0x08001f95   Thumb Code    18  hw_config.o(i.Set_USBClock)
    Setup0_Process                           0x08001fa9   Thumb Code   170  usb_core.o(i.Setup0_Process)
    Standard_ClearFeature                    0x08002061   Thumb Code   342  usb_core.o(i.Standard_ClearFeature)
    Standard_GetConfiguration                0x080021cd   Thumb Code    34  usb_core.o(i.Standard_GetConfiguration)
    Standard_GetDescriptorData               0x080021f9   Thumb Code    32  usb_core.o(i.Standard_GetDescriptorData)
    Standard_GetInterface                    0x0800221d   Thumb Code    34  usb_core.o(i.Standard_GetInterface)
    Standard_GetStatus                       0x08002249   Thumb Code   238  usb_core.o(i.Standard_GetStatus)
    Standard_SetConfiguration                0x08002349   Thumb Code    60  usb_core.o(i.Standard_SetConfiguration)
    Standard_SetDeviceFeature                0x08002391   Thumb Code    30  usb_core.o(i.Standard_SetDeviceFeature)
    Standard_SetEndPointFeature              0x080023b9   Thumb Code   192  usb_core.o(i.Standard_SetEndPointFeature)
    Standard_SetInterface                    0x08002489   Thumb Code    96  usb_core.o(i.Standard_SetInterface)
    Suspend                                  0x080024f5   Thumb Code   240  usb_pwr.o(i.Suspend)
    SysTick_Handler                          0x080025f9   Thumb Code     2  stm32_it.o(i.SysTick_Handler)
    SystemInit                               0x080025fd   Thumb Code    78  system_stm32f10x.o(i.SystemInit)
    TIM_ARRPreloadConfig                     0x0800265d   Thumb Code    24  stm32f10x_tim.o(i.TIM_ARRPreloadConfig)
    TIM_Cmd                                  0x08002675   Thumb Code    24  stm32f10x_tim.o(i.TIM_Cmd)
    TIM_SelectOutputTrigger                  0x0800268d   Thumb Code    18  stm32f10x_tim.o(i.TIM_SelectOutputTrigger)
    TIM_TimeBaseInit                         0x080026a1   Thumb Code   122  stm32f10x_tim.o(i.TIM_TimeBaseInit)
    TIM_TimeBaseStructInit                   0x08002745   Thumb Code    18  stm32f10x_tim.o(i.TIM_TimeBaseStructInit)
    ToggleDTOG_RX                            0x08002759   Thumb Code    34  usb_regs.o(i.ToggleDTOG_RX)
    USBWakeUp_IRQHandler                     0x08002781   Thumb Code    12  stm32_it.o(i.USBWakeUp_IRQHandler)
    USB_Cable_Config                         0x0800278d   Thumb Code    30  hw_config.o(i.USB_Cable_Config)
    USB_Init                                 0x080027b1   Thumb Code    36  usb_init.o(i.USB_Init)
    USB_Interrupts_Config                    0x080027ed   Thumb Code    60  hw_config.o(i.USB_Interrupts_Config)
    USB_Istr                                 0x08002829   Thumb Code   442  usb_istr.o(i.USB_Istr)
    USB_LP_CAN1_RX0_IRQHandler               0x08002a11   Thumb Code     8  stm32_it.o(i.USB_LP_CAN1_RX0_IRQHandler)
    USB_SIL_Init                             0x08002a19   Thumb Code    28  usb_sil.o(i.USB_SIL_Init)
    USBdev_Data_Setup                        0x08002a3d   Thumb Code    98  usb_prop.o(i.USBdev_Data_Setup)
    USBdev_GetConfigDescriptor               0x08002ae5   Thumb Code    14  usb_prop.o(i.USBdev_GetConfigDescriptor)
    USBdev_GetDeviceDescriptor               0x08002af9   Thumb Code    14  usb_prop.o(i.USBdev_GetDeviceDescriptor)
    USBdev_GetStringDescriptor               0x08002b0d   Thumb Code    32  usb_prop.o(i.USBdev_GetStringDescriptor)
    USBdev_Get_Interface_Setting             0x08002b35   Thumb Code    22  usb_prop.o(i.USBdev_Get_Interface_Setting)
    USBdev_Init                              0x08002b4d   Thumb Code    30  usb_prop.o(i.USBdev_Init)
    USBdev_NoData_Setup                      0x08002b75   Thumb Code     6  usb_prop.o(i.USBdev_NoData_Setup)
    USBdev_Reset                             0x08002b7d   Thumb Code   178  usb_prop.o(i.USBdev_Reset)
    USBdev_SetConfiguration                  0x08002c49   Thumb Code    14  usb_prop.o(i.USBdev_SetConfiguration)
    USBdev_SetDeviceAddress                  0x08002c61   Thumb Code     8  usb_prop.o(i.USBdev_SetDeviceAddress)
    USBdev_Status_In                         0x08002c6d   Thumb Code     2  usb_prop.o(i.USBdev_Status_In)
    USBdev_Status_Out                        0x08002c6f   Thumb Code     2  usb_prop.o(i.USBdev_Status_Out)
    UsageFault_Handler                       0x08002c71   Thumb Code     4  stm32_it.o(i.UsageFault_Handler)
    UserToPMABufferCopy                      0x08002c75   Thumb Code    52  usb_mem.o(i.UserToPMABufferCopy)
    adc_ini                                  0x08002cad   Thumb Code   214  main.o(i.adc_ini)
    fputc                                    0x08002d8d   Thumb Code    30  main.o(i.fputc)
    led_ini                                  0x08002db1   Thumb Code    40  main.o(i.led_ini)
    main                                     0x08002ddd   Thumb Code   252  main.o(i.main)
    tim4_ini                                 0x08002f01   Thumb Code    68  main.o(i.tim4_ini)
    USB_DeviceDescriptor                     0x08002f48   Data          18  usb_desc.o(.constdata)
    USB_StringLangID                         0x08002f5a   Data           4  usb_desc.o(.constdata)
    USB_StringVendor                         0x08002f5e   Data          16  usb_desc.o(.constdata)
    USB_StringProduct                        0x08002f6e   Data          58  usb_desc.o(.constdata)
    Mic_ConfigDescriptor                     0x08002fa8   Data         115  usb_desc.o(.constdata)
    Region$$Table$$Base                      0x0800301c   Number         0  anon$$obj.o(Region$$Table)
    Region$$Table$$Limit                     0x0800303c   Number         0  anon$$obj.o(Region$$Table)
    usb_buf_pos                              0x20000000   Data           4  main.o(.data)
    adc_buf_pos                              0x20000004   Data           4  main.o(.data)
    ovs_acc                                  0x20000008   Data           4  main.o(.data)
    ovs_cnt                                  0x2000000c   Data           2  main.o(.data)
    adc_val                                  0x2000000e   Data           2  main.o(.data)
    __stdout                                 0x20000010   Data           4  main.o(.data)
    __stdin                                  0x20000014   Data           4  main.o(.data)
    crcOK                                    0x20000018   Data           4  main.o(.data)
    HSEStartUpStatus                         0x2000001c   Data           1  hw_config.o(.data)
    EXTI_InitStructure                       0x20000020   Data           8  hw_config.o(.data)
    StatusInfo                               0x20000028   Data           2  usb_core.o(.data)
    Data_Mul_MaxPacketSize                   0x2000002a   Data           1  usb_core.o(.data)
    USB_StringSerial                         0x2000002b   Data          26  usb_desc.o(.data)
    packet_send                              0x20000045   Data           1  usb_endp.o(.data)
    EPindex                                  0x20000048   Data           1  usb_init.o(.data)
    pInformation                             0x2000004c   Data           4  usb_init.o(.data)
    pProperty                                0x20000050   Data           4  usb_init.o(.data)
    SaveState                                0x20000054   Data           2  usb_init.o(.data)
    wInterrupt_Mask                          0x20000056   Data           2  usb_init.o(.data)
    pUser_Standard_Requests                  0x20000058   Data           4  usb_init.o(.data)
    SaveRState                               0x2000005c   Data           2  usb_int.o(.data)
    SaveTState                               0x2000005e   Data           2  usb_int.o(.data)
    wIstr                                    0x20000060   Data           2  usb_istr.o(.data)
    bIntPackSOF                              0x20000062   Data           1  usb_istr.o(.data)
    esof_counter                             0x20000064   Data           4  usb_istr.o(.data)
    wCNTR                                    0x20000068   Data           4  usb_istr.o(.data)
    pEpInt_IN                                0x2000006c   Data          28  usb_istr.o(.data)
    pEpInt_OUT                               0x20000088   Data          28  usb_istr.o(.data)
    MIC_MUTE                                 0x200000a4   Data           1  usb_prop.o(.data)
    MIC_VOLUME                               0x200000a6   Data           2  usb_prop.o(.data)
    MIC_VOLUME_MIN                           0x200000a8   Data           2  usb_prop.o(.data)
    MIC_VOLUME_MAX                           0x200000aa   Data           2  usb_prop.o(.data)
    MIC_VOLUME_RES                           0x200000ac   Data           2  usb_prop.o(.data)
    Device_Table                             0x200000ae   Data           2  usb_prop.o(.data)
    Device_Property                          0x200000b0   Data          48  usb_prop.o(.data)
    User_Standard_Requests                   0x200000e0   Data          36  usb_prop.o(.data)
    Device_Descriptor                        0x20000104   Data           8  usb_prop.o(.data)
    Config_Descriptor                        0x2000010c   Data           8  usb_prop.o(.data)
    String_Descriptor                        0x20000114   Data          32  usb_prop.o(.data)
    bDeviceState                             0x20000134   Data           4  usb_pwr.o(.data)
    fSuspendEnabled                          0x20000138   Data           1  usb_pwr.o(.data)
    ResumeS                                  0x20000139   Data           2  usb_pwr.o(.data)
    remotewakeupon                           0x2000013c   Data           4  usb_pwr.o(.data)
    adc_buffer                               0x20000140   Data        1024  main.o(.bss)
    Device_Info                              0x20000540   Data          28  usb_init.o(.bss)
    EP                                       0x2000055c   Data          32  usb_pwr.o(.bss)
    __libspace_start                         0x2000057c   Data          96  libspace.o(.bss)
    __temporary_stack_top$libspace           0x200005dc   Data           0  libspace.o(.bss)



==============================================================================

Memory Map of the image

  Image Entry point : 0x080001d1

  Load Region LR_1 (Base: 0x08000000, Size: 0x0000317c, Max: 0xffffffff, ABSOLUTE, COMPRESSED[0x000030a4])

    Execution Region ER_RO (Exec base: 0x08000000, Load base: 0x08000000, Size: 0x0000303c, Max: 0xffffffff, ABSOLUTE)

    Exec Addr    Load Addr    Size         Type   Attr      Idx    E Section Name        Object

    0x08000000   0x08000000   0x000000ec   Data   RO         2944    RESET               startup_stm32f10x_md.o
    0x080000ec   0x080000ec   0x00000008   Code   RO         3029  * !!!main             c_w.l(__main.o)
    0x080000f4   0x080000f4   0x00000034   Code   RO         3201    !!!scatter          c_w.l(__scatter.o)
    0x08000128   0x08000128   0x0000005a   Code   RO         3199    !!dczerorl2         c_w.l(__dczerorl2.o)
    0x08000182   0x08000182   0x00000002   PAD
    0x08000184   0x08000184   0x0000001c   Code   RO         3203    !!handler_zi        c_w.l(__scatter_zi.o)
    0x080001a0   0x080001a0   0x00000000   Code   RO         3026    .ARM.Collect$$_printf_percent$$00000000  c_w.l(_printf_percent.o)
    0x080001a0   0x080001a0   0x00000006   Code   RO         3025    .ARM.Collect$$_printf_percent$$00000009  c_w.l(_printf_d.o)
    0x080001a6   0x080001a6   0x00000004   Code   RO         3036    .ARM.Collect$$_printf_percent$$00000017  c_w.l(_printf_percent_end.o)
    0x080001aa   0x080001aa   0x00000002   Code   RO         3069    .ARM.Collect$$libinit$$00000000  c_w.l(libinit.o)
    0x080001ac   0x080001ac   0x00000000   Code   RO         3076    .ARM.Collect$$libinit$$00000002  c_w.l(libinit2.o)
    0x080001ac   0x080001ac   0x00000000   Code   RO         3078    .ARM.Collect$$libinit$$00000004  c_w.l(libinit2.o)
    0x080001ac   0x080001ac   0x00000000   Code   RO         3081    .ARM.Collect$$libinit$$0000000A  c_w.l(libinit2.o)
    0x080001ac   0x080001ac   0x00000000   Code   RO         3083    .ARM.Collect$$libinit$$0000000C  c_w.l(libinit2.o)
    0x080001ac   0x080001ac   0x00000000   Code   RO         3085    .ARM.Collect$$libinit$$0000000E  c_w.l(libinit2.o)
    0x080001ac   0x080001ac   0x00000000   Code   RO         3088    .ARM.Collect$$libinit$$00000011  c_w.l(libinit2.o)
    0x080001ac   0x080001ac   0x00000000   Code   RO         3090    .ARM.Collect$$libinit$$00000013  c_w.l(libinit2.o)
    0x080001ac   0x080001ac   0x00000000   Code   RO         3092    .ARM.Collect$$libinit$$00000015  c_w.l(libinit2.o)
    0x080001ac   0x080001ac   0x00000000   Code   RO         3094    .ARM.Collect$$libinit$$00000017  c_w.l(libinit2.o)
    0x080001ac   0x080001ac   0x00000000   Code   RO         3096    .ARM.Collect$$libinit$$00000019  c_w.l(libinit2.o)
    0x080001ac   0x080001ac   0x00000000   Code   RO         3098    .ARM.Collect$$libinit$$0000001B  c_w.l(libinit2.o)
    0x080001ac   0x080001ac   0x00000000   Code   RO         3100    .ARM.Collect$$libinit$$0000001D  c_w.l(libinit2.o)
    0x080001ac   0x080001ac   0x00000000   Code   RO         3102    .ARM.Collect$$libinit$$0000001F  c_w.l(libinit2.o)
    0x080001ac   0x080001ac   0x00000000   Code   RO         3104    .ARM.Collect$$libinit$$00000021  c_w.l(libinit2.o)
    0x080001ac   0x080001ac   0x00000000   Code   RO         3106    .ARM.Collect$$libinit$$00000023  c_w.l(libinit2.o)
    0x080001ac   0x080001ac   0x00000000   Code   RO         3108    .ARM.Collect$$libinit$$00000025  c_w.l(libinit2.o)
    0x080001ac   0x080001ac   0x00000000   Code   RO         3112    .ARM.Collect$$libinit$$0000002C  c_w.l(libinit2.o)
    0x080001ac   0x080001ac   0x00000000   Code   RO         3114    .ARM.Collect$$libinit$$0000002E  c_w.l(libinit2.o)
    0x080001ac   0x080001ac   0x00000000   Code   RO         3116    .ARM.Collect$$libinit$$00000030  c_w.l(libinit2.o)
    0x080001ac   0x080001ac   0x00000000   Code   RO         3118    .ARM.Collect$$libinit$$00000032  c_w.l(libinit2.o)
    0x080001ac   0x080001ac   0x00000002   Code   RO         3119    .ARM.Collect$$libinit$$00000033  c_w.l(libinit2.o)
    0x080001ae   0x080001ae   0x00000002   Code   RO         3139    .ARM.Collect$$libshutdown$$00000000  c_w.l(libshutdown.o)
    0x080001b0   0x080001b0   0x00000000   Code   RO         3152    .ARM.Collect$$libshutdown$$00000002  c_w.l(libshutdown2.o)
    0x080001b0   0x080001b0   0x00000000   Code   RO         3154    .ARM.Collect$$libshutdown$$00000004  c_w.l(libshutdown2.o)
    0x080001b0   0x080001b0   0x00000000   Code   RO         3157    .ARM.Collect$$libshutdown$$00000007  c_w.l(libshutdown2.o)
    0x080001b0   0x080001b0   0x00000000   Code   RO         3160    .ARM.Collect$$libshutdown$$0000000A  c_w.l(libshutdown2.o)
    0x080001b0   0x080001b0   0x00000000   Code   RO         3162    .ARM.Collect$$libshutdown$$0000000C  c_w.l(libshutdown2.o)
    0x080001b0   0x080001b0   0x00000000   Code   RO         3165    .ARM.Collect$$libshutdown$$0000000F  c_w.l(libshutdown2.o)
    0x080001b0   0x080001b0   0x00000002   Code   RO         3166    .ARM.Collect$$libshutdown$$00000010  c_w.l(libshutdown2.o)
    0x080001b2   0x080001b2   0x00000000   Code   RO         3031    .ARM.Collect$$rtentry$$00000000  c_w.l(__rtentry.o)
    0x080001b2   0x080001b2   0x00000000   Code   RO         3038    .ARM.Collect$$rtentry$$00000002  c_w.l(__rtentry2.o)
    0x080001b2   0x080001b2   0x00000006   Code   RO         3050    .ARM.Collect$$rtentry$$00000004  c_w.l(__rtentry4.o)
    0x080001b8   0x080001b8   0x00000000   Code   RO         3040    .ARM.Collect$$rtentry$$00000009  c_w.l(__rtentry2.o)
    0x080001b8   0x080001b8   0x00000004   Code   RO         3041    .ARM.Collect$$rtentry$$0000000A  c_w.l(__rtentry2.o)
    0x080001bc   0x080001bc   0x00000000   Code   RO         3043    .ARM.Collect$$rtentry$$0000000C  c_w.l(__rtentry2.o)
    0x080001bc   0x080001bc   0x00000008   Code   RO         3044    .ARM.Collect$$rtentry$$0000000D  c_w.l(__rtentry2.o)
    0x080001c4   0x080001c4   0x00000002   Code   RO         3073    .ARM.Collect$$rtexit$$00000000  c_w.l(rtexit.o)
    0x080001c6   0x080001c6   0x00000000   Code   RO         3121    .ARM.Collect$$rtexit$$00000002  c_w.l(rtexit2.o)
    0x080001c6   0x080001c6   0x00000004   Code   RO         3122    .ARM.Collect$$rtexit$$00000003  c_w.l(rtexit2.o)
    0x080001ca   0x080001ca   0x00000006   Code   RO         3123    .ARM.Collect$$rtexit$$00000004  c_w.l(rtexit2.o)
    0x080001d0   0x080001d0   0x00000040   Code   RO         2945  * .text               startup_stm32f10x_md.o
    0x08000210   0x08000210   0x00000018   Code   RO         2999    .text               c_w.l(noretval__2printf.o)
    0x08000228   0x08000228   0x00000078   Code   RO         3003    .text               c_w.l(_printf_dec.o)
    0x080002a0   0x080002a0   0x000000b8   Code   RO         3008    .text               c_w.l(__printf_ss.o)
    0x08000358   0x08000358   0x00000006   Code   RO         3027    .text               c_w.l(heapauxi.o)
    0x0800035e   0x0800035e   0x000000b2   Code   RO         3032    .text               c_w.l(_printf_intcommon.o)
    0x08000410   0x08000410   0x00000024   Code   RO         3034    .text               c_w.l(_printf_char_file.o)
    0x08000434   0x08000434   0x00000030   Code   RO         3052    .text               c_w.l(_printf_char_common.o)
    0x08000464   0x08000464   0x00000008   Code   RO         3054    .text               c_w.l(ferror.o)
    0x0800046c   0x0800046c   0x0000004a   Code   RO         3058    .text               c_w.l(sys_stackheap_outer.o)
    0x080004b6   0x080004b6   0x00000012   Code   RO         3062    .text               c_w.l(exit.o)
    0x080004c8   0x080004c8   0x00000008   Code   RO         3070    .text               c_w.l(libspace.o)
    0x080004d0   0x080004d0   0x0000000c   Code   RO         3131    .text               c_w.l(sys_exit.o)
    0x080004dc   0x080004dc   0x00000002   Code   RO         3142    .text               c_w.l(use_no_semi.o)
    0x080004de   0x080004de   0x00000000   Code   RO         3144    .text               c_w.l(indicate_semi.o)
    0x080004de   0x080004de   0x00000002   PAD
    0x080004e0   0x080004e0   0x000000ac   Code   RO            4    i.ADC1_2_IRQHandler  main.o
    0x0800058c   0x0800058c   0x0000000a   Code   RO         1410    i.ADC_ClearITPendingBit  stm32f10x_adc.o
    0x08000596   0x08000596   0x00000016   Code   RO         1411    i.ADC_Cmd           stm32f10x_adc.o
    0x080005ac   0x080005ac   0x00000016   Code   RO         1417    i.ADC_ExternalTrigInjectedConvCmd  stm32f10x_adc.o
    0x080005c2   0x080005c2   0x00000010   Code   RO         1418    i.ADC_ExternalTrigInjectedConvConfig  stm32f10x_adc.o
    0x080005d2   0x080005d2   0x00000014   Code   RO         1419    i.ADC_GetCalibrationStatus  stm32f10x_adc.o
    0x080005e6   0x080005e6   0x00000024   Code   RO         1423    i.ADC_GetITStatus   stm32f10x_adc.o
    0x0800060a   0x0800060a   0x00000014   Code   RO         1425    i.ADC_GetResetCalibrationStatus  stm32f10x_adc.o
    0x0800061e   0x0800061e   0x00000018   Code   RO         1428    i.ADC_ITConfig      stm32f10x_adc.o
    0x08000636   0x08000636   0x00000002   PAD
    0x08000638   0x08000638   0x00000050   Code   RO         1429    i.ADC_Init          stm32f10x_adc.o
    0x08000688   0x08000688   0x00000082   Code   RO         1430    i.ADC_InjectedChannelConfig  stm32f10x_adc.o
    0x0800070a   0x0800070a   0x00000018   Code   RO         1432    i.ADC_InjectedSequencerLengthConfig  stm32f10x_adc.o
    0x08000722   0x08000722   0x0000000a   Code   RO         1434    i.ADC_ResetCalibration  stm32f10x_adc.o
    0x0800072c   0x0800072c   0x00000014   Code   RO         1435    i.ADC_SetInjectedOffset  stm32f10x_adc.o
    0x08000740   0x08000740   0x0000000a   Code   RO         1438    i.ADC_StartCalibration  stm32f10x_adc.o
    0x0800074a   0x0800074a   0x00000004   Code   RO          301    i.BusFault_Handler  stm32_it.o
    0x0800074e   0x0800074e   0x0000000c   Code   RO          949    i.ByteSwap          usb_regs.o
    0x0800075a   0x0800075a   0x00000002   PAD
    0x0800075c   0x0800075c   0x00000288   Code   RO          652    i.CTR_LP            usb_int.o
    0x080009e4   0x080009e4   0x00000034   Code   RO          950    i.ClearDTOG_RX      usb_regs.o
    0x08000a18   0x08000a18   0x00000034   Code   RO          951    i.ClearDTOG_TX      usb_regs.o
    0x08000a4c   0x08000a4c   0x00000028   Code   RO          956    i.Clear_Status_Out  usb_regs.o
    0x08000a74   0x08000a74   0x000000c0   Code   RO          394    i.DataStageIn       usb_core.o
    0x08000b34   0x08000b34   0x000000bc   Code   RO          395    i.DataStageOut      usb_core.o
    0x08000bf0   0x08000bf0   0x00000298   Code   RO          396    i.Data_Setup0       usb_core.o
    0x08000e88   0x08000e88   0x00000002   Code   RO          302    i.DebugMon_Handler  stm32_it.o
    0x08000e8a   0x08000e8a   0x00000002   PAD
    0x08000e8c   0x08000e8c   0x0000000c   Code   RO          580    i.EP1_IN_Callback   usb_endp.o
    0x08000e98   0x08000e98   0x0000000c   Code   RO         1724    i.EXTI_ClearITPendingBit  stm32f10x_exti.o
    0x08000ea4   0x08000ea4   0x00000094   Code   RO         1729    i.EXTI_Init         stm32f10x_exti.o
    0x08000f38   0x08000f38   0x0000001c   Code   RO         1806    i.FLASH_PrefetchBufferCmd  stm32f10x_flash.o
    0x08000f54   0x08000f54   0x00000018   Code   RO         1811    i.FLASH_SetLatency  stm32f10x_flash.o
    0x08000f6c   0x08000f6c   0x00000054   Code   RO          957    i.FreeUserBuffer    usb_regs.o
    0x08000fc0   0x08000fc0   0x00000116   Code   RO         1981    i.GPIO_Init         stm32f10x_gpio.o
    0x080010d6   0x080010d6   0x00000004   Code   RO         1988    i.GPIO_ResetBits    stm32f10x_gpio.o
    0x080010da   0x080010da   0x00000004   Code   RO         1989    i.GPIO_SetBits      stm32f10x_gpio.o
    0x080010de   0x080010de   0x00000002   PAD
    0x080010e0   0x080010e0   0x00000020   Code   RO          968    i.GetEPRxAddr       usb_regs.o
    0x08001100   0x08001100   0x00000020   Code   RO          971    i.GetEPTxAddr       usb_regs.o
    0x08001120   0x08001120   0x00000034   Code   RO          180    i.Get_SerialNum     hw_config.o
    0x08001154   0x08001154   0x00000004   Code   RO          303    i.HardFault_Handler  stm32_it.o
    0x08001158   0x08001158   0x00000070   Code   RO          397    i.In0_Process       usb_core.o
    0x080011c8   0x080011c8   0x0000003e   Code   RO          181    i.IntToUnicode      hw_config.o
    0x08001206   0x08001206   0x00000002   PAD
    0x08001208   0x08001208   0x00000024   Code   RO          182    i.Leave_LowPowerMode  hw_config.o
    0x0800122c   0x0800122c   0x00000004   Code   RO          304    i.MemManage_Handler  stm32_it.o
    0x08001230   0x08001230   0x00000020   Code   RO          761    i.Mic_EP_Get        usb_prop.o
    0x08001250   0x08001250   0x000000b4   Code   RO          762    i.Mic_EP_Set        usb_prop.o
    0x08001304   0x08001304   0x000000fc   Code   RO          763    i.Mic_FU_Get        usb_prop.o
    0x08001400   0x08001400   0x00000020   Code   RO          764    i.Mic_FU_Set        usb_prop.o
    0x08001420   0x08001420   0x00000002   Code   RO          305    i.NMI_Handler       stm32_it.o
    0x08001422   0x08001422   0x00000002   Code   RO          398    i.NOP_Process       usb_core.o
    0x08001424   0x08001424   0x00000070   Code   RO         1357    i.NVIC_Init         misc.o
    0x08001494   0x08001494   0x00000014   Code   RO         1358    i.NVIC_PriorityGroupConfig  misc.o
    0x080014a8   0x080014a8   0x00000138   Code   RO          399    i.NoData_Setup0     usb_core.o
    0x080015e0   0x080015e0   0x00000050   Code   RO          400    i.Out0_Process      usb_core.o
    0x08001630   0x08001630   0x00000028   Code   RO          731    i.PMAToUserBufferCopy  usb_mem.o
    0x08001658   0x08001658   0x00000002   Code   RO          306    i.PendSV_Handler    stm32_it.o
    0x0800165a   0x0800165a   0x00000002   PAD
    0x0800165c   0x0800165c   0x00000048   Code   RO          401    i.Post0_Process     usb_core.o
    0x080016a4   0x080016a4   0x00000040   Code   RO          895    i.PowerOn           usb_pwr.o
    0x080016e4   0x080016e4   0x00000018   Code   RO         2173    i.RCC_ADCCLKConfig  stm32f10x_rcc.o
    0x080016fc   0x080016fc   0x00000020   Code   RO         2175    i.RCC_APB1PeriphClockCmd  stm32f10x_rcc.o
    0x0800171c   0x0800171c   0x00000020   Code   RO         2177    i.RCC_APB2PeriphClockCmd  stm32f10x_rcc.o
    0x0800173c   0x0800173c   0x0000004c   Code   RO         2184    i.RCC_DeInit        stm32f10x_rcc.o
    0x08001788   0x08001788   0x0000003c   Code   RO         2186    i.RCC_GetFlagStatus  stm32f10x_rcc.o
    0x080017c4   0x080017c4   0x00000010   Code   RO         2188    i.RCC_GetSYSCLKSource  stm32f10x_rcc.o
    0x080017d4   0x080017d4   0x00000018   Code   RO         2189    i.RCC_HCLKConfig    stm32f10x_rcc.o
    0x080017ec   0x080017ec   0x0000004c   Code   RO         2190    i.RCC_HSEConfig     stm32f10x_rcc.o
    0x08001838   0x08001838   0x00000018   Code   RO         2196    i.RCC_PCLK1Config   stm32f10x_rcc.o
    0x08001850   0x08001850   0x00000018   Code   RO         2197    i.RCC_PCLK2Config   stm32f10x_rcc.o
    0x08001868   0x08001868   0x0000000c   Code   RO         2198    i.RCC_PLLCmd        stm32f10x_rcc.o
    0x08001874   0x08001874   0x0000001c   Code   RO         2199    i.RCC_PLLConfig     stm32f10x_rcc.o
    0x08001890   0x08001890   0x00000018   Code   RO         2202    i.RCC_SYSCLKConfig  stm32f10x_rcc.o
    0x080018a8   0x080018a8   0x0000000c   Code   RO         2203    i.RCC_USBCLKConfig  stm32f10x_rcc.o
    0x080018b4   0x080018b4   0x00000038   Code   RO         2204    i.RCC_WaitForHSEStartUp  stm32f10x_rcc.o
    0x080018ec   0x080018ec   0x000000e0   Code   RO          896    i.Resume            usb_pwr.o
    0x080019cc   0x080019cc   0x00000024   Code   RO          897    i.Resume_Init       usb_pwr.o
    0x080019f0   0x080019f0   0x00000002   Code   RO          307    i.SVC_Handler       stm32_it.o
    0x080019f2   0x080019f2   0x00000002   PAD
    0x080019f4   0x080019f4   0x00000050   Code   RO          402    i.SetDeviceAddress  usb_core.o
    0x08001a44   0x08001a44   0x00000068   Code   RO          987    i.SetEPDblBuf0Count  usb_regs.o
    0x08001aac   0x08001aac   0x00000068   Code   RO          989    i.SetEPDblBuf1Count  usb_regs.o
    0x08001b14   0x08001b14   0x00000034   Code   RO          990    i.SetEPDblBuffAddr  usb_regs.o
    0x08001b48   0x08001b48   0x000000c4   Code   RO          991    i.SetEPDblBuffCount  usb_regs.o
    0x08001c0c   0x08001c0c   0x0000002c   Code   RO          992    i.SetEPDoubleBuff   usb_regs.o
    0x08001c38   0x08001c38   0x00000024   Code   RO          993    i.SetEPRxAddr       usb_regs.o
    0x08001c5c   0x08001c5c   0x0000004c   Code   RO          994    i.SetEPRxCount      usb_regs.o
    0x08001ca8   0x08001ca8   0x00000040   Code   RO          995    i.SetEPRxStatus     usb_regs.o
    0x08001ce8   0x08001ce8   0x00000034   Code   RO          996    i.SetEPRxValid      usb_regs.o
    0x08001d1c   0x08001d1c   0x00000020   Code   RO          997    i.SetEPTxAddr       usb_regs.o
    0x08001d3c   0x08001d3c   0x0000001c   Code   RO          998    i.SetEPTxCount      usb_regs.o
    0x08001d58   0x08001d58   0x00000040   Code   RO          999    i.SetEPTxStatus     usb_regs.o
    0x08001d98   0x08001d98   0x00000034   Code   RO         1000    i.SetEPTxValid      usb_regs.o
    0x08001dcc   0x08001dcc   0x00000024   Code   RO         1001    i.SetEPType         usb_regs.o
    0x08001df0   0x08001df0   0x0000006a   Code   RO            5    i.SetSysClock       main.o
    0x08001e5a   0x08001e5a   0x00000008   Code   RO         2952    i.SetSysClock       system_stm32f10x.o
    0x08001e62   0x08001e62   0x00000002   PAD
    0x08001e64   0x08001e64   0x000000e0   Code   RO         2953    i.SetSysClockTo72   system_stm32f10x.o
    0x08001f44   0x08001f44   0x00000050   Code   RO          183    i.Set_System        hw_config.o
    0x08001f94   0x08001f94   0x00000012   Code   RO          184    i.Set_USBClock      hw_config.o
    0x08001fa6   0x08001fa6   0x00000002   PAD
    0x08001fa8   0x08001fa8   0x000000b8   Code   RO          403    i.Setup0_Process    usb_core.o
    0x08002060   0x08002060   0x0000016c   Code   RO          404    i.Standard_ClearFeature  usb_core.o
    0x080021cc   0x080021cc   0x0000002c   Code   RO          405    i.Standard_GetConfiguration  usb_core.o
    0x080021f8   0x080021f8   0x00000024   Code   RO          406    i.Standard_GetDescriptorData  usb_core.o
    0x0800221c   0x0800221c   0x0000002c   Code   RO          407    i.Standard_GetInterface  usb_core.o
    0x08002248   0x08002248   0x00000100   Code   RO          408    i.Standard_GetStatus  usb_core.o
    0x08002348   0x08002348   0x00000048   Code   RO          409    i.Standard_SetConfiguration  usb_core.o
    0x08002390   0x08002390   0x00000028   Code   RO          410    i.Standard_SetDeviceFeature  usb_core.o
    0x080023b8   0x080023b8   0x000000d0   Code   RO          411    i.Standard_SetEndPointFeature  usb_core.o
    0x08002488   0x08002488   0x0000006c   Code   RO          412    i.Standard_SetInterface  usb_core.o
    0x080024f4   0x080024f4   0x00000104   Code   RO          898    i.Suspend           usb_pwr.o
    0x080025f8   0x080025f8   0x00000002   Code   RO          308    i.SysTick_Handler   stm32_it.o
    0x080025fa   0x080025fa   0x00000002   PAD
    0x080025fc   0x080025fc   0x00000060   Code   RO         2955    i.SystemInit        system_stm32f10x.o
    0x0800265c   0x0800265c   0x00000018   Code   RO         2389    i.TIM_ARRPreloadConfig  stm32f10x_tim.o
    0x08002674   0x08002674   0x00000018   Code   RO         2401    i.TIM_Cmd           stm32f10x_tim.o
    0x0800268c   0x0800268c   0x00000012   Code   RO         2458    i.TIM_SelectOutputTrigger  stm32f10x_tim.o
    0x0800269e   0x0800269e   0x00000002   PAD
    0x080026a0   0x080026a0   0x000000a4   Code   RO         2472    i.TIM_TimeBaseInit  stm32f10x_tim.o
    0x08002744   0x08002744   0x00000012   Code   RO         2473    i.TIM_TimeBaseStructInit  stm32f10x_tim.o
    0x08002756   0x08002756   0x00000002   PAD
    0x08002758   0x08002758   0x00000028   Code   RO         1006    i.ToggleDTOG_RX     usb_regs.o
    0x08002780   0x08002780   0x0000000c   Code   RO          309    i.USBWakeUp_IRQHandler  stm32_it.o
    0x0800278c   0x0800278c   0x00000024   Code   RO          185    i.USB_Cable_Config  hw_config.o
    0x080027b0   0x080027b0   0x0000003c   Code   RO          616    i.USB_Init          usb_init.o
    0x080027ec   0x080027ec   0x0000003c   Code   RO          186    i.USB_Interrupts_Config  hw_config.o
    0x08002828   0x08002828   0x000001e8   Code   RO          693    i.USB_Istr          usb_istr.o
    0x08002a10   0x08002a10   0x00000008   Code   RO          310    i.USB_LP_CAN1_RX0_IRQHandler  stm32_it.o
    0x08002a18   0x08002a18   0x00000024   Code   RO         1321    i.USB_SIL_Init      usb_sil.o
    0x08002a3c   0x08002a3c   0x000000a8   Code   RO          765    i.USBdev_Data_Setup  usb_prop.o
    0x08002ae4   0x08002ae4   0x00000014   Code   RO          766    i.USBdev_GetConfigDescriptor  usb_prop.o
    0x08002af8   0x08002af8   0x00000014   Code   RO          767    i.USBdev_GetDeviceDescriptor  usb_prop.o
    0x08002b0c   0x08002b0c   0x00000028   Code   RO          768    i.USBdev_GetStringDescriptor  usb_prop.o
    0x08002b34   0x08002b34   0x00000016   Code   RO          769    i.USBdev_Get_Interface_Setting  usb_prop.o
    0x08002b4a   0x08002b4a   0x00000002   PAD
    0x08002b4c   0x08002b4c   0x00000028   Code   RO          770    i.USBdev_Init       usb_prop.o
    0x08002b74   0x08002b74   0x00000006   Code   RO          771    i.USBdev_NoData_Setup  usb_prop.o
    0x08002b7a   0x08002b7a   0x00000002   PAD
    0x08002b7c   0x08002b7c   0x000000cc   Code   RO          772    i.USBdev_Reset      usb_prop.o
    0x08002c48   0x08002c48   0x00000018   Code   RO          773    i.USBdev_SetConfiguration  usb_prop.o
    0x08002c60   0x08002c60   0x0000000c   Code   RO          774    i.USBdev_SetDeviceAddress  usb_prop.o
    0x08002c6c   0x08002c6c   0x00000002   Code   RO          775    i.USBdev_Status_In  usb_prop.o
    0x08002c6e   0x08002c6e   0x00000002   Code   RO          776    i.USBdev_Status_Out  usb_prop.o
    0x08002c70   0x08002c70   0x00000004   Code   RO          311    i.UsageFault_Handler  stm32_it.o
    0x08002c74   0x08002c74   0x00000038   Code   RO          732    i.UserToPMABufferCopy  usb_mem.o
    0x08002cac   0x08002cac   0x000000e0   Code   RO            6    i.adc_ini           main.o
    0x08002d8c   0x08002d8c   0x00000024   Code   RO            7    i.fputc             main.o
    0x08002db0   0x08002db0   0x0000002c   Code   RO            8    i.led_ini           main.o
    0x08002ddc   0x08002ddc   0x00000124   Code   RO            9    i.main              main.o
    0x08002f00   0x08002f00   0x00000048   Code   RO           10    i.tim4_ini          main.o
    0x08002f48   0x08002f48   0x000000d3   Data   RO          555    .constdata          usb_desc.o
    0x0800301b   0x0800301b   0x00000001   PAD
    0x0800301c   0x0800301c   0x00000020   Data   RO         3197    Region$$Table       anon$$obj.o


    Execution Region ER_RW (Exec base: 0x20000000, Load base: 0x0800303c, Size: 0x00000140, Max: 0xffffffff, ABSOLUTE, COMPRESSED[0x00000068])

    Exec Addr    Load Addr    Size         Type   Attr      Idx    E Section Name        Object

    0x20000000   COMPRESSED   0x0000001c   Data   RW           12    .data               main.o
    0x2000001c   COMPRESSED   0x0000000c   Data   RW          187    .data               hw_config.o
    0x20000028   COMPRESSED   0x00000003   Data   RW          413    .data               usb_core.o
    0x2000002b   COMPRESSED   0x0000001a   Data   RW          556    .data               usb_desc.o
    0x20000045   COMPRESSED   0x00000001   Data   RW          582    .data               usb_endp.o
    0x20000046   COMPRESSED   0x00000002   PAD
    0x20000048   COMPRESSED   0x00000014   Data   RW          618    .data               usb_init.o
    0x2000005c   COMPRESSED   0x00000004   Data   RW          653    .data               usb_int.o
    0x20000060   COMPRESSED   0x00000044   Data   RW          694    .data               usb_istr.o
    0x200000a4   COMPRESSED   0x00000090   Data   RW          777    .data               usb_prop.o
    0x20000134   COMPRESSED   0x0000000c   Data   RW          900    .data               usb_pwr.o


    Execution Region ER_ZI (Exec base: 0x20000140, Load base: 0x080030a4, Size: 0x00000aa0, Max: 0xffffffff, ABSOLUTE)

    Exec Addr    Load Addr    Size         Type   Attr      Idx    E Section Name        Object

    0x20000140        -       0x00000400   Zero   RW           11    .bss                main.o
    0x20000540        -       0x0000001c   Zero   RW          617    .bss                usb_init.o
    0x2000055c        -       0x00000020   Zero   RW          899    .bss                usb_pwr.o
    0x2000057c        -       0x00000060   Zero   RW         3071    .bss                c_w.l(libspace.o)
    0x200005dc   0x080030a4   0x00000004   PAD
    0x200005e0        -       0x00000200   Zero   RW         2943    HEAP                startup_stm32f10x_md.o
    0x200007e0        -       0x00000400   Zero   RW         2942    STACK               startup_stm32f10x_md.o


==============================================================================

Image component sizes


      Code (inc. data)   RO Data    RW Data    ZI Data      Debug   Object Name

       344         34          0         12          0       7321   hw_config.o
       946         90          0         28       1024     264125   main.o
       132         22          0          0          0       1935   misc.o
        64         26        236          0       1536        812   startup_stm32f10x_md.o
        46          0          0          0          0       4330   stm32_it.o
       444         10          0          0          0      11890   stm32f10x_adc.o
       160         12          0          0          0       1901   stm32f10x_exti.o
        52         12          0          0          0       1237   stm32f10x_flash.o
       286          0          0          0          0       3508   stm32f10x_gpio.o
       520         84          0          0          0      11904   stm32f10x_rcc.o
       248         42          0          0          0       4011   stm32f10x_tim.o
       328         28          0          0          0       2097   system_stm32f10x.o
      3058        288          0          3          0      16823   usb_core.o
         0          0        211         26          0       1017   usb_desc.o
        12          4          0          1          0       1290   usb_endp.o
        60         24          0         20         28       4122   usb_init.o
       648         32          0          4          0       1784   usb_int.o
       488         46          0         68          0       1719   usb_istr.o
        96         10          0          0          0       1808   usb_mem.o
      1056        316          0        144          0      12751   usb_prop.o
       584         62          0         12         32       3912   usb_pwr.o
      1284        138          0          0          0      12858   usb_regs.o
        36          8          0          0          0        459   usb_sil.o

    ----------------------------------------------------------------------
     10920       1288        480        320       2620     373614   Object Totals
         0          0         32          0          0          0   (incl. Generated)
        28          0          1          2          0          0   (incl. Padding)

    ----------------------------------------------------------------------

      Code (inc. data)   RO Data    RW Data    ZI Data      Debug   Library Member Name

        90          0          0          0          0          0   __dczerorl2.o
         8          0          0          0          0         68   __main.o
       184          0          0          0          0         84   __printf_ss.o
         0          0          0          0          0          0   __rtentry.o
        12          0          0          0          0          0   __rtentry2.o
         6          0          0          0          0          0   __rtentry4.o
        52          8          0          0          0          0   __scatter.o
        28          0          0          0          0          0   __scatter_zi.o
        48          6          0          0          0         96   _printf_char_common.o
        36          4          0          0          0         80   _printf_char_file.o
         6          0          0          0          0          0   _printf_d.o
       120         16          0          0          0         92   _printf_dec.o
       178          0          0          0          0         88   _printf_intcommon.o
         0          0          0          0          0          0   _printf_percent.o
         4          0          0          0          0          0   _printf_percent_end.o
        18          0          0          0          0         80   exit.o
         8          0          0          0          0         68   ferror.o
         6          0          0          0          0        152   heapauxi.o
         0          0          0          0          0          0   indicate_semi.o
         2          0          0          0          0          0   libinit.o
         2          0          0          0          0          0   libinit2.o
         2          0          0          0          0          0   libshutdown.o
         2          0          0          0          0          0   libshutdown2.o
         8          4          0          0         96         68   libspace.o
        24          4          0          0          0         84   noretval__2printf.o
         2          0          0          0          0          0   rtexit.o
        10          0          0          0          0          0   rtexit2.o
        12          4          0          0          0         68   sys_exit.o
        74          0          0          0          0         80   sys_stackheap_outer.o
         2          0          0          0          0         68   use_no_semi.o

    ----------------------------------------------------------------------
       948         46          0          0        100       1176   Library Totals
         4          0          0          0          4          0   (incl. Padding)

    ----------------------------------------------------------------------

      Code (inc. data)   RO Data    RW Data    ZI Data      Debug   Library Name

       944         46          0          0         96       1176   c_w.l

    ----------------------------------------------------------------------
       948         46          0          0        100       1176   Library Totals

    ----------------------------------------------------------------------

==============================================================================


      Code (inc. data)   RO Data    RW Data    ZI Data      Debug   

     11868       1334        480        320       2720     367298   Grand Totals
     11868       1334        480        104       2720     367298   ELF Image Totals (compressed)
     11868       1334        480        104          0          0   ROM Totals

==============================================================================

    Total RO  Size (Code + RO Data)                12348 (  12.06kB)
    Total RW  Size (RW Data + ZI Data)              3040 (   2.97kB)
    Total ROM Size (Code + RO Data + RW Data)      12452 (  12.16kB)

==============================================================================

